\BOOKMARK [0][-]{chapter*.1}{\376\377\000D\000\351\000d\000i\000c\000a\000c\000e}{}% 1
\BOOKMARK [0][-]{chapter*.2}{\376\377\000R\000e\000m\000e\000r\000c\000i\000e\000m\000e\000n\000t\000s}{}% 2
\BOOKMARK [0][-]{chapter*.3}{\376\377\000A\000c\000k\000n\000o\000w\000l\000e\000d\000g\000m\000e\000n\000t\000s}{}% 3
\BOOKMARK [0][-]{chapter*.4}{\376\377\000R\000\351\000s\000u\000m\000\351}{}% 4
\BOOKMARK [0][-]{chapter*.5}{\376\377\000A\000b\000s\000t\000r\000a\000c\000t}{}% 5
\BOOKMARK [0][-]{chapter*.5}{\376\377\000T\000a\000b\000l\000e\000\040\000d\000e\000s\000\040\000m\000a\000t\000i\000\350\000r\000e\000s}{}% 6
\BOOKMARK [0][-]{chapter*.5}{\376\377\000L\000i\000s\000t\000e\000\040\000d\000e\000s\000\040\000F\000i\000g\000u\000r\000e\000s}{}% 7
\BOOKMARK [0][-]{chapter*.5}{\376\377\000L\000i\000s\000t\000e\000\040\000d\000e\000s\000\040\000T\000a\000b\000l\000e\000a\000u\000x}{}% 8
\BOOKMARK [0][-]{table.0.1}{\376\377\000L\000i\000s\000t\000e\000\040\000d\000e\000s\000\040\000a\000b\000r\000\351\000v\000i\000a\000t\000i\000o\000n\000s}{}% 9
\BOOKMARK [0][-]{table.0.1}{\376\377\000I\000n\000t\000r\000o\000d\000u\000c\000t\000i\000o\000n\000\040\000g\000\351\000n\000\351\000r\000a\000l\000e}{}% 10
\BOOKMARK [0][-]{chapter.1}{\376\377\000C\000o\000n\000t\000e\000x\000t\000e\000\040\000g\000\351\000n\000\351\000r\000a\000l\000\040\000e\000t\000\040\000p\000l\000a\000n\000i\000f\000i\000c\000a\000t\000i\000o\000n\000\040\000d\000u\000\040\000p\000r\000o\000j\000e\000t}{}% 11
\BOOKMARK [1][-]{section.1.1}{\376\377\000I\000n\000t\000r\000o\000d\000u\000c\000t\000i\000o\000n}{chapter.1}% 12
\BOOKMARK [1][-]{section.1.2}{\376\377\000C\000o\000n\000t\000e\000x\000t\000e\000\040\000g\000\351\000n\000\351\000r\000a\000l}{chapter.1}% 13
\BOOKMARK [2][-]{subsection.1.2.1}{\376\377\000E\000n\000v\000i\000r\000o\000n\000n\000e\000m\000e\000n\000t\000\040\000e\000t\000\040\000m\000o\000t\000i\000v\000a\000t\000i\000o\000n}{section.1.2}% 14
\BOOKMARK [2][-]{subsection.1.2.2}{\376\377\000S\000i\000t\000u\000a\000t\000i\000o\000n\000\040\000i\000n\000i\000t\000i\000a\000l\000e\000\040\000e\000t\000\040\000p\000r\000o\000b\000l\000\351\000m\000a\000t\000i\000q\000u\000e}{section.1.2}% 15
\BOOKMARK [2][-]{subsection.1.2.3}{\376\377\000O\000b\000j\000e\000c\000t\000i\000f\000\040\000d\000e\000\040\000l\000a\000\040\000s\000o\000l\000u\000t\000i\000o\000n}{section.1.2}% 16
\BOOKMARK [2][-]{subsection.1.2.4}{\376\377\000A\000r\000c\000h\000i\000t\000e\000c\000t\000u\000r\000e\000\040\000m\000i\000c\000r\000o\000s\000e\000r\000v\000i\000c\000e\000s}{section.1.2}% 17
\BOOKMARK [1][-]{section.1.3}{\376\377\000C\000o\000n\000c\000l\000u\000s\000i\000o\000n}{chapter.1}% 18
\BOOKMARK [0][-]{chapter.2}{\376\377\000M\000o\000d\000\351\000l\000i\000s\000a\000t\000i\000o\000n}{}% 19
\BOOKMARK [1][-]{section.2.1}{\376\377\000M\000o\000d\000\351\000l\000i\000s\000a\000t\000i\000o\000n\000\040\000d\000u\000\040\000s\000y\000s\000t\000\350\000m\000e}{chapter.2}% 20
\BOOKMARK [2][-]{subsection.2.1.1}{\376\377\000C\000o\000n\000t\000e\000x\000t\000e\000\040\000g\000\351\000n\000\351\000r\000a\000l}{section.2.1}% 21
\BOOKMARK [2][-]{subsection.2.1.2}{\376\377\000E\000n\000j\000e\000u\000x\000\040\000e\000t\000\040\000o\000b\000j\000e\000c\000t\000i\000f\000s}{section.2.1}% 22
\BOOKMARK [2][-]{subsection.2.1.3}{\376\377\000M\000\351\000t\000h\000o\000d\000o\000l\000o\000g\000i\000e\000\040\000a\000d\000o\000p\000t\000\351\000e}{section.2.1}% 23
\BOOKMARK [1][-]{section.2.2}{\376\377\000\311\000t\000u\000d\000e\000\040\000C\000o\000n\000c\000e\000p\000t\000u\000e\000l\000l\000e}{chapter.2}% 24
\BOOKMARK [2][-]{subsection.2.2.1}{\376\377\000M\000\351\000t\000h\000o\000d\000o\000l\000o\000g\000i\000e}{section.2.2}% 25
\BOOKMARK [2][-]{subsection.2.2.2}{\376\377\000L\000e\000s\000\040\000a\000c\000t\000e\000u\000r\000s\000\040\000p\000r\000i\000n\000c\000i\000p\000a\000u\000x}{section.2.2}% 26
\BOOKMARK [2][-]{subsection.2.2.3}{\376\377\000L\000e\000\040\000d\000i\000a\000g\000r\000a\000m\000m\000e\000\040\000d\000e\000\040\000c\000a\000s\000\040\000d\000'\000u\000t\000i\000l\000i\000s\000a\000t\000i\000o\000n}{section.2.2}% 27
\BOOKMARK [2][-]{subsection.2.2.4}{\376\377\000D\000i\000a\000g\000r\000a\000m\000m\000e\000\040\000d\000e\000\040\000c\000l\000a\000s\000s\000e\000s}{section.2.2}% 28
\BOOKMARK [2][-]{subsection.2.2.5}{\376\377\000L\000e\000s\000\040\000d\000i\000a\000g\000r\000a\000m\000m\000e\000s\000\040\000d\000e\000\040\000s\000\351\000q\000u\000e\000n\000c\000e}{section.2.2}% 29
\BOOKMARK [1][-]{section.2.3}{\376\377\000C\000o\000n\000c\000l\000u\000s\000i\000o\000n}{chapter.2}% 30
\BOOKMARK [0][-]{chapter.3}{\376\377\000I\000n\000t\000e\000r\000f\000a\000c\000e\000s\000\040\000e\000t\000\040\000R\000\351\000a\000l\000i\000s\000a\000t\000i\000o\000n\000\040\000d\000e\000\040\000l\000'\000a\000p\000p\000l\000i\000c\000a\000t\000i\000o\000n}{}% 31
\BOOKMARK [1][-]{section.3.1}{\376\377\000T\000e\000c\000h\000n\000o\000l\000o\000g\000i\000e\000s\000\040\000e\000t\000\040\000A\000r\000c\000h\000i\000t\000e\000c\000t\000u\000r\000e}{chapter.3}% 32
\BOOKMARK [2][-]{subsection.3.1.1}{\376\377\000A\000r\000c\000h\000i\000t\000e\000c\000t\000u\000r\000e\000\040\000m\000i\000c\000r\000o\000s\000e\000r\000v\000i\000c\000e\000s}{section.3.1}% 33
\BOOKMARK [2][-]{subsection.3.1.2}{\376\377\000T\000e\000c\000h\000n\000o\000l\000o\000g\000i\000e\000s\000\040\000F\000r\000o\000n\000t\000e\000n\000d}{section.3.1}% 34
\BOOKMARK [2][-]{subsection.3.1.3}{\376\377\000T\000e\000c\000h\000n\000o\000l\000o\000g\000i\000e\000s\000\040\000B\000a\000c\000k\000e\000n\000d}{section.3.1}% 35
\BOOKMARK [2][-]{subsection.3.1.4}{\376\377\000M\000a\000c\000h\000i\000n\000e\000\040\000L\000e\000a\000r\000n\000i\000n\000g}{section.3.1}% 36
\BOOKMARK [1][-]{section.3.2}{\376\377\000I\000n\000t\000e\000r\000f\000a\000c\000e\000s\000\040\000U\000t\000i\000l\000i\000s\000a\000t\000e\000u\000r}{chapter.3}% 37
\BOOKMARK [2][-]{subsection.3.2.1}{\376\377\000V\000u\000e\000\040\000U\000t\000i\000l\000i\000s\000a\000t\000e\000u\000r}{section.3.2}% 38
\BOOKMARK [2][-]{subsection.3.2.2}{\376\377\000V\000u\000e\000\040\000A\000d\000m\000i\000n\000i\000s\000t\000r\000a\000t\000e\000u\000r}{section.3.2}% 39
\BOOKMARK [1][-]{section.3.3}{\376\377\000C\000o\000n\000c\000l\000u\000s\000i\000o\000n}{chapter.3}% 40
\BOOKMARK [0][-]{section.3.3}{\376\377\000C\000o\000n\000c\000l\000u\000s\000i\000o\000n\000\040\000g\000\351\000n\000\351\000r\000a\000l\000e}{}% 41
\BOOKMARK [0][-]{chapter*.38}{\376\377\000B\000i\000b\000l\000i\000o\000g\000r\000a\000p\000h\000i\000e}{}% 42
