#
# There is insufficient memory for the Java Runtime Environment to continue.
# Native memory allocation (malloc) failed to allocate 1048576 bytes. Error detail: AllocateHeap
# Possible reasons:
#   The system is out of physical RAM or swap space
#   This process is running with CompressedOops enabled, and the Java Heap may be blocking the growth of the native heap
# Possible solutions:
#   Reduce memory load on the system
#   Increase physical memory or swap space
#   Check if swap backing store is full
#   Decrease Java heap size (-Xmx/-Xms)
#   Decrease number of Java threads
#   Decrease Java thread stack sizes (-Xss)
#   Set larger code cache with -XX:ReservedCodeCacheSize=
#   JVM is running with Unscaled Compressed Oops mode in which the Java heap is
#     placed in the first 4GB address space. The Java Heap base address is the
#     maximum limit for the native heap growth. Please use -XX:HeapBaseMinAddress
#     to set the Java Heap base and to place the Java Heap above 4GB virtual address.
# This output file may be truncated or incomplete.
#
#  Out of Memory Error (allocation.cpp:44), pid=14000, tid=9204
#
# JRE version: OpenJDK Runtime Environment Temurin-21.0.9+10 (21.0.9+10) (build 21.0.9+10-LTS)
# Java VM: OpenJDK 64-Bit Server VM Temurin-21.0.9+10 (21.0.9+10-LTS, mixed mode, sharing, tiered, compressed oops, compressed class ptrs, parallel gc, windows-amd64)
# No core dump will be written. Minidumps are not enabled by default on client versions of Windows
#

---------------  S U M M A R Y ------------

Command Line: --add-modules=ALL-SYSTEM --add-opens=java.base/java.util=ALL-UNNAMED --add-opens=java.base/java.lang=ALL-UNNAMED --add-opens=java.base/sun.nio.fs=ALL-UNNAMED -Declipse.application=org.eclipse.jdt.ls.core.id1 -Dosgi.bundles.defaultStartLevel=4 -Declipse.product=org.eclipse.jdt.ls.core.product -Djava.import.generatesMetadataFilesAtProjectRoot=false -DDetectVMInstallationsJob.disabled=true -Dfile.encoding=utf8 -XX:+UseParallelGC -XX:GCTimeRatio=4 -XX:AdaptiveSizePolicyWeight=90 -Dsun.zip.disableMemoryMapping=true -Xmx2G -Xms100m -Xlog:disable -javaagent:c:\Users\loula\.vscode\extensions\redhat.java-1.50.0-win32-x64\lombok\lombok-1.18.39-4050.jar -XX:+HeapDumpOnOutOfMemoryError -XX:HeapDumpPath=c:\Users\loula\AppData\Roaming\Code\User\workspaceStorage\44b5318e10031c4cb1fc957027d05316\redhat.java -Daether.dependencyCollector.impl=bf c:\Users\loula\.vscode\extensions\redhat.java-1.50.0-win32-x64\server\plugins\org.eclipse.equinox.launcher_1.7.100.v20251111-0406.jar -configuration c:\Users\loula\AppData\Roaming\Code\User\globalStorage\redhat.java\1.50.0\config_win -data c:\Users\loula\AppData\Roaming\Code\User\workspaceStorage\44b5318e10031c4cb1fc957027d05316\redhat.java\jdt_ws --pipe=\\.\pipe\lsp-052821af9c09cc1f36b80a24f0d46f98-sock

Host: 11th Gen Intel(R) Core(TM) i5-1135G7 @ 2.40GHz, 8 cores, 7G,  Windows 11 , 64 bit Build 26100 (10.0.26100.7309)
Time: Mon Dec 15 22:21:09 2025 Morocco Summer Time elapsed time: 112.074028 seconds (0d 0h 1m 52s)

---------------  T H R E A D  ---------------

Current thread (0x000002bc1d63f640):  JavaThread "Attach Listener" daemon [_thread_in_vm, id=9204, stack(0x000000e690300000,0x000000e690400000) (1024K)]

Stack: [0x000000e690300000,0x000000e690400000]
Native frames: (J=compiled Java code, j=interpreted, Vv=VM code, C=native code)
V  [jvm.dll+0x6d6e29]
V  [jvm.dll+0x8b4b76]
V  [jvm.dll+0x8b712e]
V  [jvm.dll+0x8b7813]
V  [jvm.dll+0x283d86]
V  [jvm.dll+0xc1277]
V  [jvm.dll+0x6d76d9]
V  [jvm.dll+0x133466]
V  [jvm.dll+0x3f7ea6]
V  [jvm.dll+0x85e9ad]
V  [jvm.dll+0x6d565d]
C  [ucrtbase.dll+0x37b0]
C  [KERNEL32.DLL+0x2e8d7]
C  [ntdll.dll+0x8c53c]


---------------  P R O C E S S  ---------------

Threads class SMR info:
_java_thread_list=0x000002bc67825610, length=45, elements={
0x000002bc06bd2930, 0x000002bc1d63ad70, 0x000002bc1d63d240, 0x000002bc1d647080,
0x000002bc1d63f640, 0x000002bc1d64a850, 0x000002bc1d64b2a0, 0x000002bc1d64f310,
0x000002bc1d6577e0, 0x000002bc601de180, 0x000002bc60249470, 0x000002bc60ba1e30,
0x000002bc604280b0, 0x000002bc601e30d0, 0x000002bc601f18a0, 0x000002bc60abb7e0,
0x000002bc6077dde0, 0x000002bc6515d9e0, 0x000002bc6515e070, 0x000002bc6515c630,
0x000002bc6515ed90, 0x000002bc6515bfa0, 0x000002bc6515ccc0, 0x000002bc6515d350,
0x000002bc60bb68d0, 0x000002bc60bb6f60, 0x000002bc60bb7c80, 0x000002bc60bb4e90,
0x000002bc60bb75f0, 0x000002bc60bb5bb0, 0x000002bc60bb5520, 0x000002bc60bb96c0,
0x000002bc60bb9030, 0x000002bc60bb8310, 0x000002bc60bb89a0, 0x000002bc60bbb100,
0x000002bc60bbbe20, 0x000002bc6902c910, 0x000002bc6902b560, 0x000002bc6902c280,
0x000002bc6902a1b0, 0x000002bc69029490, 0x000002bc6902cfa0, 0x000002bc69029b20,
0x000002bc6902bbf0
}

Java Threads: ( => current thread )
  0x000002bc06bd2930 JavaThread "main"                              [_thread_blocked, id=8356, stack(0x000000e68fc00000,0x000000e68fd00000) (1024K)]
  0x000002bc1d63ad70 JavaThread "Reference Handler"          daemon [_thread_blocked, id=13536, stack(0x000000e690000000,0x000000e690100000) (1024K)]
  0x000002bc1d63d240 JavaThread "Finalizer"                  daemon [_thread_blocked, id=14004, stack(0x000000e690100000,0x000000e690200000) (1024K)]
  0x000002bc1d647080 JavaThread "Signal Dispatcher"          daemon [_thread_blocked, id=20388, stack(0x000000e690200000,0x000000e690300000) (1024K)]
=>0x000002bc1d63f640 JavaThread "Attach Listener"            daemon [_thread_in_vm, id=9204, stack(0x000000e690300000,0x000000e690400000) (1024K)]
  0x000002bc1d64a850 JavaThread "Service Thread"             daemon [_thread_blocked, id=15900, stack(0x000000e690400000,0x000000e690500000) (1024K)]
  0x000002bc1d64b2a0 JavaThread "Monitor Deflation Thread"   daemon [_thread_blocked, id=17112, stack(0x000000e690500000,0x000000e690600000) (1024K)]
  0x000002bc1d64f310 JavaThread "C2 CompilerThread0"         daemon [_thread_blocked, id=9824, stack(0x000000e690600000,0x000000e690700000) (1024K)]
  0x000002bc1d6577e0 JavaThread "C1 CompilerThread0"         daemon [_thread_blocked, id=11388, stack(0x000000e690700000,0x000000e690800000) (1024K)]
  0x000002bc601de180 JavaThread "Common-Cleaner"             daemon [_thread_blocked, id=1588, stack(0x000000e690800000,0x000000e690900000) (1024K)]
  0x000002bc60249470 JavaThread "Notification Thread"        daemon [_thread_blocked, id=4308, stack(0x000000e690a00000,0x000000e690b00000) (1024K)]
  0x000002bc60ba1e30 JavaThread "Active Thread: Equinox Container: 0ebc5c8c-f814-42ff-bab3-55d2306a9ee5"        [_thread_blocked, id=4012, stack(0x000000e690900000,0x000000e690a00000) (1024K)]
  0x000002bc604280b0 JavaThread "Refresh Thread: Equinox Container: 0ebc5c8c-f814-42ff-bab3-55d2306a9ee5" daemon [_thread_blocked, id=4796, stack(0x000000e691100000,0x000000e691200000) (1024K)]
  0x000002bc601e30d0 JavaThread "Framework Event Dispatcher: Equinox Container: 0ebc5c8c-f814-42ff-bab3-55d2306a9ee5" daemon [_thread_blocked, id=20136, stack(0x000000e691300000,0x000000e691400000) (1024K)]
  0x000002bc601f18a0 JavaThread "Start Level: Equinox Container: 0ebc5c8c-f814-42ff-bab3-55d2306a9ee5" daemon [_thread_blocked, id=2600, stack(0x000000e691400000,0x000000e691500000) (1024K)]
  0x000002bc60abb7e0 JavaThread "Bundle File Closer"         daemon [_thread_blocked, id=14012, stack(0x000000e691500000,0x000000e691600000) (1024K)]
  0x000002bc6077dde0 JavaThread "SCR Component Actor"        daemon [_thread_blocked, id=16076, stack(0x000000e691600000,0x000000e691700000) (1024K)]
  0x000002bc6515d9e0 JavaThread "Worker-JM"                         [_thread_blocked, id=14428, stack(0x000000e691800000,0x000000e691900000) (1024K)]
  0x000002bc6515e070 JavaThread "JNA Cleaner"                daemon [_thread_blocked, id=18232, stack(0x000000e691700000,0x000000e691800000) (1024K)]
  0x000002bc6515c630 JavaThread "Worker-0: Java indexing... "        [_thread_blocked, id=14452, stack(0x000000e691900000,0x000000e691a00000) (1024K)]
  0x000002bc6515ed90 JavaThread "Worker-1"                          [_thread_blocked, id=12524, stack(0x000000e691a00000,0x000000e691b00000) (1024K)]
  0x000002bc6515bfa0 JavaThread "Worker-2"                          [_thread_blocked, id=19096, stack(0x000000e68f900000,0x000000e68fa00000) (1024K)]
  0x000002bc6515ccc0 JavaThread "Java indexing"              daemon [_thread_blocked, id=18556, stack(0x000000e691c00000,0x000000e691d00000) (1024K)]
  0x000002bc6515d350 JavaThread "Worker-3"                          [_thread_blocked, id=2412, stack(0x000000e691b00000,0x000000e691c00000) (1024K)]
  0x000002bc60bb68d0 JavaThread "Worker-4: Initialize workspace"        [_thread_blocked, id=8544, stack(0x000000e691f00000,0x000000e692000000) (1024K)]
  0x000002bc60bb6f60 JavaThread "Thread-1"                   daemon [_thread_in_native, id=15020, stack(0x000000e692000000,0x000000e692100000) (1024K)]
  0x000002bc60bb7c80 JavaThread "Thread-2"                   daemon [_thread_in_native, id=20036, stack(0x000000e692100000,0x000000e692200000) (1024K)]
  0x000002bc60bb4e90 JavaThread "Thread-3"                   daemon [_thread_in_native, id=10976, stack(0x000000e692200000,0x000000e692300000) (1024K)]
  0x000002bc60bb75f0 JavaThread "Thread-4"                   daemon [_thread_in_native, id=14384, stack(0x000000e692300000,0x000000e692400000) (1024K)]
  0x000002bc60bb5bb0 JavaThread "Thread-5"                   daemon [_thread_in_native, id=2724, stack(0x000000e692400000,0x000000e692500000) (1024K)]
  0x000002bc60bb5520 JavaThread "Thread-6"                   daemon [_thread_in_native, id=748, stack(0x000000e692500000,0x000000e692600000) (1024K)]
  0x000002bc60bb96c0 JavaThread "Thread-7"                   daemon [_thread_in_native, id=19972, stack(0x000000e692600000,0x000000e692700000) (1024K)]
  0x000002bc60bb9030 JavaThread "Thread-8"                   daemon [_thread_in_native, id=2340, stack(0x000000e692700000,0x000000e692800000) (1024K)]
  0x000002bc60bb8310 JavaThread "Thread-9"                   daemon [_thread_in_native, id=16472, stack(0x000000e692800000,0x000000e692900000) (1024K)]
  0x000002bc60bb89a0 JavaThread "pool-2-thread-1"                   [_thread_blocked, id=11448, stack(0x000000e692900000,0x000000e692a00000) (1024K)]
  0x000002bc60bbb100 JavaThread "WorkspaceEventsHandler"            [_thread_blocked, id=15052, stack(0x000000e692d00000,0x000000e692e00000) (1024K)]
  0x000002bc60bbbe20 JavaThread "pool-1-thread-1"                   [_thread_blocked, id=17048, stack(0x000000e692e00000,0x000000e692f00000) (1024K)]
  0x000002bc6902c910 JavaThread "ForkJoinPool.commonPool-worker-1" daemon [_thread_blocked, id=9888, stack(0x000000e692c00000,0x000000e692d00000) (1024K)]
  0x000002bc6902b560 JavaThread "ForkJoinPool.commonPool-worker-2" daemon [_thread_blocked, id=10340, stack(0x000000e693500000,0x000000e693600000) (1024K)]
  0x000002bc6902c280 JavaThread "ForkJoinPool.commonPool-worker-3" daemon [_thread_blocked, id=18436, stack(0x000000e693600000,0x000000e693700000) (1024K)]
  0x000002bc6902a1b0 JavaThread "ForkJoinPool.commonPool-worker-4" daemon [_thread_blocked, id=18524, stack(0x000000e693700000,0x000000e693800000) (1024K)]
  0x000002bc69029490 JavaThread "ForkJoinPool.commonPool-worker-5" daemon [_thread_blocked, id=5052, stack(0x000000e693800000,0x000000e693900000) (1024K)]
  0x000002bc6902cfa0 JavaThread "ForkJoinPool.commonPool-worker-6" daemon [_thread_blocked, id=3712, stack(0x000000e693900000,0x000000e693a00000) (1024K)]
  0x000002bc69029b20 JavaThread "ForkJoinPool.commonPool-worker-7" daemon [_thread_blocked, id=13284, stack(0x000000e693a00000,0x000000e693b00000) (1024K)]
  0x000002bc6902bbf0 JavaThread "Worker-5"                          [_thread_blocked, id=19216, stack(0x000000e693000000,0x000000e693100000) (1024K)]
Total: 45

Other Threads:
  0x000002bc1d621d30 VMThread "VM Thread"                           [id=18216, stack(0x000000e68ff00000,0x000000e690000000) (1024K)] _threads_hazard_ptr=0x000002bc67825610
  0x000002bc06c41390 WatcherThread "VM Periodic Task Thread"        [id=12812, stack(0x000000e68fe00000,0x000000e68ff00000) (1024K)]
  0x000002bc06bf0fa0 WorkerThread "GC Thread#0"                     [id=2776, stack(0x000000e68fd00000,0x000000e68fe00000) (1024K)]
  0x000002bc60952fa0 WorkerThread "GC Thread#1"                     [id=17764, stack(0x000000e690b00000,0x000000e690c00000) (1024K)]
  0x000002bc60909810 WorkerThread "GC Thread#2"                     [id=17212, stack(0x000000e690c00000,0x000000e690d00000) (1024K)]
  0x000002bc60909bb0 WorkerThread "GC Thread#3"                     [id=12728, stack(0x000000e690d00000,0x000000e690e00000) (1024K)]
  0x000002bc603c14c0 WorkerThread "GC Thread#4"                     [id=5752, stack(0x000000e690e00000,0x000000e690f00000) (1024K)]
  0x000002bc603c1860 WorkerThread "GC Thread#5"                     [id=1720, stack(0x000000e690f00000,0x000000e691000000) (1024K)]
  0x000002bc60543f30 WorkerThread "GC Thread#6"                     [id=2512, stack(0x000000e691000000,0x000000e691100000) (1024K)]
  0x000002bc60428710 WorkerThread "GC Thread#7"                     [id=16872, stack(0x000000e691200000,0x000000e691300000) (1024K)]
Total: 10

Threads with active compile tasks:
Total: 0

VM state: synchronizing (normal execution)

VM Mutex/Monitor currently owned by a thread:  ([mutex/lock_event])
[0x00007ffcef04d570] Threads_lock - owner thread: 0x000002bc1d621d30
[0x00007ffcef04d670] Heap_lock - owner thread: 0x000002bc6515ccc0

Heap address: 0x0000000080000000, size: 2048 MB, Compressed Oops mode: 32-bit

CDS archive(s) mapped at: [0x000002bc1e000000-0x000002bc1eba0000-0x000002bc1eba0000), size 12189696, SharedBaseAddress: 0x000002bc1e000000, ArchiveRelocationMode: 1.
Compressed class space mapped at: 0x000002bc1f000000-0x000002bc5f000000, reserved size: 1073741824
Narrow klass base: 0x000002bc1e000000, Narrow klass shift: 0, Narrow klass range: 0x100000000

GC Precious Log:
 CardTable entry size: 512
 CPUs: 8 total, 8 available
 Memory: 7937M
 Large Page Support: Disabled
 NUMA Support: Disabled
 Compressed Oops: Enabled (32-bit)
 Alignments: Space 512K, Generation 512K, Heap 2M
 Heap Min Capacity: 100M
 Heap Initial Capacity: 100M
 Heap Max Capacity: 2G
 Pre-touch: Disabled
 Parallel Workers: 8

Heap:
 PSYoungGen      total 2048K, used 1919K [0x00000000d5580000, 0x00000000d5880000, 0x0000000100000000)
  eden space 1024K, 99% used [0x00000000d5580000,0x00000000d567ffc8,0x00000000d5680000)
  from space 1024K, 87% used [0x00000000d5780000,0x00000000d5860000,0x00000000d5880000)
  to   space 1024K, 0% used [0x00000000d5680000,0x00000000d5680000,0x00000000d5780000)
 ParOldGen       total 548352K, used 548335K [0x0000000080000000, 0x00000000a1780000, 0x00000000d5580000)
  object space 548352K, 99% used [0x0000000080000000,0x00000000a177bc90,0x00000000a1780000)
 Metaspace       used 59880K, committed 61312K, reserved 1114112K
  class space    used 6487K, committed 7040K, reserved 1048576K

Card table byte_map: [0x000002bc06590000,0x000002bc069a0000] _byte_map_base: 0x000002bc06190000

Marking Bits: (ParMarkBitMap*) 0x00007ffcef052460
 Begin Bits: [0x000002bc19080000, 0x000002bc1b080000)
 End Bits:   [0x000002bc1b080000, 0x000002bc1d080000)

Polling page: 0x000002bc04dd0000

Metaspace:

Usage:
  Non-class:     52.14 MB used.
      Class:      6.33 MB used.
       Both:     58.48 MB used.

Virtual space:
  Non-class space:       64.00 MB reserved,      53.00 MB ( 83%) committed,  1 nodes.
      Class space:        1.00 GB reserved,       6.88 MB ( <1%) committed,  1 nodes.
             Both:        1.06 GB reserved,      59.88 MB (  6%) committed. 

Chunk freelists:
   Non-Class:  10.55 MB
       Class:  9.02 MB
        Both:  19.56 MB

MaxMetaspaceSize: unlimited
CompressedClassSpaceSize: 1.00 GB
Initial GC threshold: 21.00 MB
Current GC threshold: 97.31 MB
CDS: on
 - commit_granule_bytes: 65536.
 - commit_granule_words: 8192.
 - virtual_space_node_default_size: 8388608.
 - enlarge_chunks_in_place: 1.
 - use_allocation_guard: 0.


Internal statistics:

num_allocs_failed_limit: 9.
num_arena_births: 1106.
num_arena_deaths: 18.
num_vsnodes_births: 2.
num_vsnodes_deaths: 0.
num_space_committed: 958.
num_space_uncommitted: 0.
num_chunks_returned_to_freelist: 29.
num_chunks_taken_from_freelist: 3860.
num_chunk_merges: 15.
num_chunk_splits: 2298.
num_chunks_enlarged: 1184.
num_inconsistent_stats: 0.

CodeHeap 'non-profiled nmethods': size=120000Kb used=9231Kb max_used=9231Kb free=110768Kb
 bounds [0x000002bc118a0000, 0x000002bc121b0000, 0x000002bc18dd0000]
CodeHeap 'profiled nmethods': size=120000Kb used=23426Kb max_used=23884Kb free=96573Kb
 bounds [0x000002bc09dd0000, 0x000002bc0b530000, 0x000002bc11300000]
CodeHeap 'non-nmethods': size=5760Kb used=1444Kb max_used=1516Kb free=4315Kb
 bounds [0x000002bc11300000, 0x000002bc11570000, 0x000002bc118a0000]
CodeCache: size=245760Kb, used=34101Kb, max_used=34631Kb, free=211656Kb
 total_blobs=11437, nmethods=10693, adapters=650, full_count=0
Compilation: enabled, stopped_count=0, restarted_count=0

Compilation events (20 events):
Event: 109.754 Thread 0x000002bc1d64f310 11652 % !   4       org.eclipse.jdt.internal.core.index.DiskIndex::mergeWith @ 262 (623 bytes)
Event: 109.806 Thread 0x000002bc1d64f310 nmethod 11652% 0x000002bc12184e10 code [0x000002bc121850e0, 0x000002bc12186a58]
Event: 110.003 Thread 0x000002bc1d64f310 11653   !   4       org.eclipse.jdt.internal.core.index.DiskIndex::mergeWith (623 bytes)
Event: 110.939 Thread 0x000002bc1d64f310 nmethod 11653 0x000002bc12187910 code [0x000002bc12188520, 0x000002bc121925d8]
Event: 110.939 Thread 0x000002bc1d64f310 11654       4       org.eclipse.jdt.internal.core.index.DiskIndex::writeCategoryTable (252 bytes)
Event: 110.983 Thread 0x000002bc1d64f310 nmethod 11654 0x000002bc12198e90 code [0x000002bc12199200, 0x000002bc1219b6b8]
Event: 111.433 Thread 0x000002bc1d6577e0 11655       3       org.eclipse.jdt.internal.core.index.DiskIndex::writeCategoryTable (252 bytes)
Event: 111.434 Thread 0x000002bc1d6577e0 nmethod 11655 0x000002bc0a2e3390 code [0x000002bc0a2e3680, 0x000002bc0a2e4960]
Event: 111.439 Thread 0x000002bc1d6577e0 11656 %     3       org.eclipse.jdt.internal.core.index.DiskIndex::writeCategoryTable @ 154 (252 bytes)
Event: 111.442 Thread 0x000002bc1d6577e0 nmethod 11656% 0x000002bc0a1bed10 code [0x000002bc0a1bf020, 0x000002bc0a1c0558]
Event: 111.472 Thread 0x000002bc1d6577e0 11657       3       org.eclipse.jdt.internal.core.index.DiskIndex::writeStreamChars (220 bytes)
Event: 111.473 Thread 0x000002bc1d6577e0 nmethod 11657 0x000002bc0a3e6690 code [0x000002bc0a3e68a0, 0x000002bc0a3e6f98]
Event: 111.479 Thread 0x000002bc1d64f310 11658       4       org.eclipse.jdt.internal.core.index.DiskIndex::writeStreamChars (220 bytes)
Event: 111.500 Thread 0x000002bc1d64f310 nmethod 11658 0x000002bc1219ca10 code [0x000002bc1219cc20, 0x000002bc1219d570]
Event: 111.500 Thread 0x000002bc1d64f310 11659 %     4       org.eclipse.jdt.internal.core.index.DiskIndex::writeCategoryTable @ 154 (252 bytes)
Event: 111.552 Thread 0x000002bc1d64f310 nmethod 11659% 0x000002bc1219da90 code [0x000002bc1219dd20, 0x000002bc1219f078]
Event: 111.559 Thread 0x000002bc1d64f310 11660       4       org.eclipse.jdt.internal.core.index.DiskIndex::writeCategoryTable (252 bytes)
Event: 111.674 Thread 0x000002bc1d64f310 nmethod 11660 0x000002bc1219fb10 code [0x000002bc1219fec0, 0x000002bc121a2428]
Event: 111.740 Thread 0x000002bc1d64f310 11661       4       java.io.BufferedOutputStream::flushBuffer (29 bytes)
Event: 111.743 Thread 0x000002bc1d64f310 nmethod 11661 0x000002bc121a3890 code [0x000002bc121a3a40, 0x000002bc121a3c40]

GC Heap History (20 events):
Event: 110.340 GC heap before
{Heap before GC invocations=1296 (full 3):
 PSYoungGen      total 2560K, used 2183K [0x00000000d5580000, 0x00000000d5980000, 0x0000000100000000)
  eden space 1024K, 99% used [0x00000000d5580000,0x00000000d567ffb0,0x00000000d5680000)
  from space 1536K, 75% used [0x00000000d5800000,0x00000000d5921fa0,0x00000000d5980000)
  to   space 1536K, 0% used [0x00000000d5680000,0x00000000d5680000,0x00000000d5800000)
 ParOldGen       total 538624K, used 538215K [0x0000000080000000, 0x00000000a0e00000, 0x00000000d5580000)
  object space 538624K, 99% used [0x0000000080000000,0x00000000a0d99ca0,0x00000000a0e00000)
 Metaspace       used 59880K, committed 61312K, reserved 1114112K
  class space    used 6487K, committed 7040K, reserved 1048576K
}
Event: 110.346 GC heap after
{Heap after GC invocations=1296 (full 3):
 PSYoungGen      total 2560K, used 1107K [0x00000000d5580000, 0x00000000d5980000, 0x0000000100000000)
  eden space 1024K, 0% used [0x00000000d5580000,0x00000000d5580000,0x00000000d5680000)
  from space 1536K, 72% used [0x00000000d5680000,0x00000000d5794fd0,0x00000000d5800000)
  to   space 1536K, 0% used [0x00000000d5800000,0x00000000d5800000,0x00000000d5980000)
 ParOldGen       total 539648K, used 539271K [0x0000000080000000, 0x00000000a0f00000, 0x00000000d5580000)
  object space 539648K, 99% used [0x0000000080000000,0x00000000a0ea1c08,0x00000000a0f00000)
 Metaspace       used 59880K, committed 61312K, reserved 1114112K
  class space    used 6487K, committed 7040K, reserved 1048576K
}
Event: 110.401 GC heap before
{Heap before GC invocations=1297 (full 3):
 PSYoungGen      total 2560K, used 2131K [0x00000000d5580000, 0x00000000d5980000, 0x0000000100000000)
  eden space 1024K, 100% used [0x00000000d5580000,0x00000000d5680000,0x00000000d5680000)
  from space 1536K, 72% used [0x00000000d5680000,0x00000000d5794fd0,0x00000000d5800000)
  to   space 1536K, 0% used [0x00000000d5800000,0x00000000d5800000,0x00000000d5980000)
 ParOldGen       total 539648K, used 539271K [0x0000000080000000, 0x00000000a0f00000, 0x00000000d5580000)
  object space 539648K, 99% used [0x0000000080000000,0x00000000a0ea1c08,0x00000000a0f00000)
 Metaspace       used 59880K, committed 61312K, reserved 1114112K
  class space    used 6487K, committed 7040K, reserved 1048576K
}
Event: 110.408 GC heap after
{Heap after GC invocations=1297 (full 3):
 PSYoungGen      total 2560K, used 1103K [0x00000000d5580000, 0x00000000d5980000, 0x0000000100000000)
  eden space 1024K, 0% used [0x00000000d5580000,0x00000000d5580000,0x00000000d5680000)
  from space 1536K, 71% used [0x00000000d5800000,0x00000000d5913f40,0x00000000d5980000)
  to   space 1536K, 0% used [0x00000000d5680000,0x00000000d5680000,0x00000000d5800000)
 ParOldGen       total 540672K, used 540318K [0x0000000080000000, 0x00000000a1000000, 0x00000000d5580000)
  object space 540672K, 99% used [0x0000000080000000,0x00000000a0fa7bc0,0x00000000a1000000)
 Metaspace       used 59880K, committed 61312K, reserved 1114112K
  class space    used 6487K, committed 7040K, reserved 1048576K
}
Event: 110.448 GC heap before
{Heap before GC invocations=1298 (full 3):
 PSYoungGen      total 2560K, used 2127K [0x00000000d5580000, 0x00000000d5980000, 0x0000000100000000)
  eden space 1024K, 99% used [0x00000000d5580000,0x00000000d567ffe0,0x00000000d5680000)
  from space 1536K, 71% used [0x00000000d5800000,0x00000000d5913f40,0x00000000d5980000)
  to   space 1536K, 0% used [0x00000000d5680000,0x00000000d5680000,0x00000000d5800000)
 ParOldGen       total 540672K, used 540318K [0x0000000080000000, 0x00000000a1000000, 0x00000000d5580000)
  object space 540672K, 99% used [0x0000000080000000,0x00000000a0fa7bc0,0x00000000a1000000)
 Metaspace       used 59880K, committed 61312K, reserved 1114112K
  class space    used 6487K, committed 7040K, reserved 1048576K
}
Event: 110.454 GC heap after
{Heap after GC invocations=1298 (full 3):
 PSYoungGen      total 2560K, used 1139K [0x00000000d5580000, 0x00000000d5980000, 0x0000000100000000)
  eden space 1024K, 0% used [0x00000000d5580000,0x00000000d5580000,0x00000000d5680000)
  from space 1536K, 74% used [0x00000000d5680000,0x00000000d579cdb0,0x00000000d5800000)
  to   space 1536K, 0% used [0x00000000d5800000,0x00000000d5800000,0x00000000d5980000)
 ParOldGen       total 541696K, used 541366K [0x0000000080000000, 0x00000000a1100000, 0x00000000d5580000)
  object space 541696K, 99% used [0x0000000080000000,0x00000000a10adaf0,0x00000000a1100000)
 Metaspace       used 59880K, committed 61312K, reserved 1114112K
  class space    used 6487K, committed 7040K, reserved 1048576K
}
Event: 110.521 GC heap before
{Heap before GC invocations=1299 (full 3):
 PSYoungGen      total 2560K, used 2163K [0x00000000d5580000, 0x00000000d5980000, 0x0000000100000000)
  eden space 1024K, 100% used [0x00000000d5580000,0x00000000d5680000,0x00000000d5680000)
  from space 1536K, 74% used [0x00000000d5680000,0x00000000d579cdb0,0x00000000d5800000)
  to   space 1536K, 0% used [0x00000000d5800000,0x00000000d5800000,0x00000000d5980000)
 ParOldGen       total 543744K, used 542878K [0x0000000080000000, 0x00000000a1300000, 0x00000000d5580000)
  object space 543744K, 99% used [0x0000000080000000,0x00000000a1227af0,0x00000000a1300000)
 Metaspace       used 59880K, committed 61312K, reserved 1114112K
  class space    used 6487K, committed 7040K, reserved 1048576K
}
Event: 110.526 GC heap after
{Heap after GC invocations=1299 (full 3):
 PSYoungGen      total 2560K, used 1115K [0x00000000d5580000, 0x00000000d5980000, 0x0000000100000000)
  eden space 1024K, 0% used [0x00000000d5580000,0x00000000d5580000,0x00000000d5680000)
  from space 1536K, 72% used [0x00000000d5800000,0x00000000d5916f70,0x00000000d5980000)
  to   space 1536K, 0% used [0x00000000d5680000,0x00000000d5680000,0x00000000d5800000)
 ParOldGen       total 544256K, used 543919K [0x0000000080000000, 0x00000000a1380000, 0x00000000d5580000)
  object space 544256K, 99% used [0x0000000080000000,0x00000000a132bd98,0x00000000a1380000)
 Metaspace       used 59880K, committed 61312K, reserved 1114112K
  class space    used 6487K, committed 7040K, reserved 1048576K
}
Event: 110.679 GC heap before
{Heap before GC invocations=1300 (full 3):
 PSYoungGen      total 2560K, used 2139K [0x00000000d5580000, 0x00000000d5980000, 0x0000000100000000)
  eden space 1024K, 100% used [0x00000000d5580000,0x00000000d5680000,0x00000000d5680000)
  from space 1536K, 72% used [0x00000000d5800000,0x00000000d5916f70,0x00000000d5980000)
  to   space 1536K, 0% used [0x00000000d5680000,0x00000000d5680000,0x00000000d5800000)
 ParOldGen       total 544256K, used 543919K [0x0000000080000000, 0x00000000a1380000, 0x00000000d5580000)
  object space 544256K, 99% used [0x0000000080000000,0x00000000a132bd98,0x00000000a1380000)
 Metaspace       used 59880K, committed 61312K, reserved 1114112K
  class space    used 6487K, committed 7040K, reserved 1048576K
}
Event: 110.686 GC heap after
{Heap after GC invocations=1300 (full 3):
 PSYoungGen      total 2048K, used 960K [0x00000000d5580000, 0x00000000d5880000, 0x0000000100000000)
  eden space 1024K, 0% used [0x00000000d5580000,0x00000000d5580000,0x00000000d5680000)
  from space 1024K, 93% used [0x00000000d5680000,0x00000000d5770000,0x00000000d5780000)
  to   space 1024K, 0% used [0x00000000d5780000,0x00000000d5780000,0x00000000d5880000)
 ParOldGen       total 545280K, used 544919K [0x0000000080000000, 0x00000000a1480000, 0x00000000d5580000)
  object space 545280K, 99% used [0x0000000080000000,0x00000000a1425c90,0x00000000a1480000)
 Metaspace       used 59880K, committed 61312K, reserved 1114112K
  class space    used 6487K, committed 7040K, reserved 1048576K
}
Event: 110.716 GC heap before
{Heap before GC invocations=1301 (full 3):
 PSYoungGen      total 2048K, used 1898K [0x00000000d5580000, 0x00000000d5880000, 0x0000000100000000)
  eden space 1024K, 91% used [0x00000000d5580000,0x00000000d566abf0,0x00000000d5680000)
  from space 1024K, 93% used [0x00000000d5680000,0x00000000d5770000,0x00000000d5780000)
  to   space 1024K, 0% used [0x00000000d5780000,0x00000000d5780000,0x00000000d5880000)
 ParOldGen       total 545280K, used 544919K [0x0000000080000000, 0x00000000a1480000, 0x00000000d5580000)
  object space 545280K, 99% used [0x0000000080000000,0x00000000a1425c90,0x00000000a1480000)
 Metaspace       used 59880K, committed 61312K, reserved 1114112K
  class space    used 6487K, committed 7040K, reserved 1048576K
}
Event: 110.721 GC heap after
{Heap after GC invocations=1301 (full 3):
 PSYoungGen      total 2048K, used 672K [0x00000000d5580000, 0x00000000d5880000, 0x0000000100000000)
  eden space 1024K, 0% used [0x00000000d5580000,0x00000000d5580000,0x00000000d5680000)
  from space 1024K, 65% used [0x00000000d5780000,0x00000000d5828000,0x00000000d5880000)
  to   space 1024K, 0% used [0x00000000d5680000,0x00000000d5680000,0x00000000d5780000)
 ParOldGen       total 545792K, used 545783K [0x0000000080000000, 0x00000000a1500000, 0x00000000d5580000)
  object space 545792K, 99% used [0x0000000080000000,0x00000000a14fdc90,0x00000000a1500000)
 Metaspace       used 59880K, committed 61312K, reserved 1114112K
  class space    used 6487K, committed 7040K, reserved 1048576K
}
Event: 110.761 GC heap before
{Heap before GC invocations=1302 (full 3):
 PSYoungGen      total 2048K, used 1695K [0x00000000d5580000, 0x00000000d5880000, 0x0000000100000000)
  eden space 1024K, 99% used [0x00000000d5580000,0x00000000d567fe78,0x00000000d5680000)
  from space 1024K, 65% used [0x00000000d5780000,0x00000000d5828000,0x00000000d5880000)
  to   space 1024K, 0% used [0x00000000d5680000,0x00000000d5680000,0x00000000d5780000)
 ParOldGen       total 545792K, used 545783K [0x0000000080000000, 0x00000000a1500000, 0x00000000d5580000)
  object space 545792K, 99% used [0x0000000080000000,0x00000000a14fdc90,0x00000000a1500000)
 Metaspace       used 59880K, committed 61312K, reserved 1114112K
  class space    used 6487K, committed 7040K, reserved 1048576K
}
Event: 110.765 GC heap after
{Heap after GC invocations=1302 (full 3):
 PSYoungGen      total 2048K, used 704K [0x00000000d5580000, 0x00000000d5880000, 0x0000000100000000)
  eden space 1024K, 0% used [0x00000000d5580000,0x00000000d5580000,0x00000000d5680000)
  from space 1024K, 68% used [0x00000000d5680000,0x00000000d5730000,0x00000000d5780000)
  to   space 1024K, 0% used [0x00000000d5780000,0x00000000d5780000,0x00000000d5880000)
 ParOldGen       total 546816K, used 546399K [0x0000000080000000, 0x00000000a1600000, 0x00000000d5580000)
  object space 546816K, 99% used [0x0000000080000000,0x00000000a1597c90,0x00000000a1600000)
 Metaspace       used 59880K, committed 61312K, reserved 1114112K
  class space    used 6487K, committed 7040K, reserved 1048576K
}
Event: 110.816 GC heap before
{Heap before GC invocations=1303 (full 3):
 PSYoungGen      total 2048K, used 1728K [0x00000000d5580000, 0x00000000d5880000, 0x0000000100000000)
  eden space 1024K, 100% used [0x00000000d5580000,0x00000000d5680000,0x00000000d5680000)
  from space 1024K, 68% used [0x00000000d5680000,0x00000000d5730000,0x00000000d5780000)
  to   space 1024K, 0% used [0x00000000d5780000,0x00000000d5780000,0x00000000d5880000)
 ParOldGen       total 546816K, used 546399K [0x0000000080000000, 0x00000000a1600000, 0x00000000d5580000)
  object space 546816K, 99% used [0x0000000080000000,0x00000000a1597c90,0x00000000a1600000)
 Metaspace       used 59880K, committed 61312K, reserved 1114112K
  class space    used 6487K, committed 7040K, reserved 1048576K
}
Event: 110.821 GC heap after
{Heap after GC invocations=1303 (full 3):
 PSYoungGen      total 2048K, used 608K [0x00000000d5580000, 0x00000000d5880000, 0x0000000100000000)
  eden space 1024K, 0% used [0x00000000d5580000,0x00000000d5580000,0x00000000d5680000)
  from space 1024K, 59% used [0x00000000d5780000,0x00000000d5818000,0x00000000d5880000)
  to   space 1024K, 0% used [0x00000000d5680000,0x00000000d5680000,0x00000000d5780000)
 ParOldGen       total 547328K, used 547039K [0x0000000080000000, 0x00000000a1680000, 0x00000000d5580000)
  object space 547328K, 99% used [0x0000000080000000,0x00000000a1637c90,0x00000000a1680000)
 Metaspace       used 59880K, committed 61312K, reserved 1114112K
  class space    used 6487K, committed 7040K, reserved 1048576K
}
Event: 111.274 GC heap before
{Heap before GC invocations=1304 (full 3):
 PSYoungGen      total 2048K, used 1632K [0x00000000d5580000, 0x00000000d5880000, 0x0000000100000000)
  eden space 1024K, 100% used [0x00000000d5580000,0x00000000d5680000,0x00000000d5680000)
  from space 1024K, 59% used [0x00000000d5780000,0x00000000d5818000,0x00000000d5880000)
  to   space 1024K, 0% used [0x00000000d5680000,0x00000000d5680000,0x00000000d5780000)
 ParOldGen       total 547328K, used 547039K [0x0000000080000000, 0x00000000a1680000, 0x00000000d5580000)
  object space 547328K, 99% used [0x0000000080000000,0x00000000a1637c90,0x00000000a1680000)
 Metaspace       used 59880K, committed 61312K, reserved 1114112K
  class space    used 6487K, committed 7040K, reserved 1048576K
}
Event: 111.279 GC heap after
{Heap after GC invocations=1304 (full 3):
 PSYoungGen      total 2048K, used 864K [0x00000000d5580000, 0x00000000d5880000, 0x0000000100000000)
  eden space 1024K, 0% used [0x00000000d5580000,0x00000000d5580000,0x00000000d5680000)
  from space 1024K, 84% used [0x00000000d5680000,0x00000000d5758000,0x00000000d5780000)
  to   space 1024K, 0% used [0x00000000d5780000,0x00000000d5780000,0x00000000d5880000)
 ParOldGen       total 547840K, used 547599K [0x0000000080000000, 0x00000000a1700000, 0x00000000d5580000)
  object space 547840K, 99% used [0x0000000080000000,0x00000000a16c3c90,0x00000000a1700000)
 Metaspace       used 59880K, committed 61312K, reserved 1114112K
  class space    used 6487K, committed 7040K, reserved 1048576K
}
Event: 111.364 GC heap before
{Heap before GC invocations=1305 (full 3):
 PSYoungGen      total 2048K, used 1888K [0x00000000d5580000, 0x00000000d5880000, 0x0000000100000000)
  eden space 1024K, 100% used [0x00000000d5580000,0x00000000d5680000,0x00000000d5680000)
  from space 1024K, 84% used [0x00000000d5680000,0x00000000d5758000,0x00000000d5780000)
  to   space 1024K, 0% used [0x00000000d5780000,0x00000000d5780000,0x00000000d5880000)
 ParOldGen       total 547840K, used 547599K [0x0000000080000000, 0x00000000a1700000, 0x00000000d5580000)
  object space 547840K, 99% used [0x0000000080000000,0x00000000a16c3c90,0x00000000a1700000)
 Metaspace       used 59880K, committed 61312K, reserved 1114112K
  class space    used 6487K, committed 7040K, reserved 1048576K
}
Event: 111.368 GC heap after
{Heap after GC invocations=1305 (full 3):
 PSYoungGen      total 2048K, used 896K [0x00000000d5580000, 0x00000000d5880000, 0x0000000100000000)
  eden space 1024K, 0% used [0x00000000d5580000,0x00000000d5580000,0x00000000d5680000)
  from space 1024K, 87% used [0x00000000d5780000,0x00000000d5860000,0x00000000d5880000)
  to   space 1024K, 0% used [0x00000000d5680000,0x00000000d5680000,0x00000000d5780000)
 ParOldGen       total 548352K, used 548335K [0x0000000080000000, 0x00000000a1780000, 0x00000000d5580000)
  object space 548352K, 99% used [0x0000000080000000,0x00000000a177bc90,0x00000000a1780000)
 Metaspace       used 59880K, committed 61312K, reserved 1114112K
  class space    used 6487K, committed 7040K, reserved 1048576K
}

Dll operation events (12 events):
Event: 0.015 Loaded shared library c:\Users\loula\.vscode\extensions\redhat.java-1.50.0-win32-x64\jre\21.0.9-win32-x86_64\bin\java.dll
Event: 0.077 Loaded shared library c:\Users\loula\.vscode\extensions\redhat.java-1.50.0-win32-x64\jre\21.0.9-win32-x86_64\bin\zip.dll
Event: 0.102 Loaded shared library C:\Users\loula\.vscode\extensions\redhat.java-1.50.0-win32-x64\jre\21.0.9-win32-x86_64\bin\instrument.dll
Event: 0.107 Loaded shared library C:\Users\loula\.vscode\extensions\redhat.java-1.50.0-win32-x64\jre\21.0.9-win32-x86_64\bin\net.dll
Event: 0.190 Loaded shared library C:\Users\loula\.vscode\extensions\redhat.java-1.50.0-win32-x64\jre\21.0.9-win32-x86_64\bin\nio.dll
Event: 0.194 Loaded shared library C:\Users\loula\.vscode\extensions\redhat.java-1.50.0-win32-x64\jre\21.0.9-win32-x86_64\bin\zip.dll
Event: 0.219 Loaded shared library C:\Users\loula\.vscode\extensions\redhat.java-1.50.0-win32-x64\jre\21.0.9-win32-x86_64\bin\jimage.dll
Event: 0.453 Loaded shared library c:\Users\loula\.vscode\extensions\redhat.java-1.50.0-win32-x64\jre\21.0.9-win32-x86_64\bin\verify.dll
Event: 18.886 Loaded shared library C:\Users\loula\AppData\Roaming\Code\User\globalStorage\redhat.java\1.50.0\config_win\org.eclipse.equinox.launcher\org.eclipse.equinox.launcher.win32.win32.x86_64_1.2.1400.v20250801-0854\eclipse_11916.dll
Event: 59.009 Loaded shared library C:\Users\loula\AppData\Local\Temp\jna-103162951\jna9078133854225077540.dll
Event: 66.710 Loaded shared library C:\Users\loula\.vscode\extensions\redhat.java-1.50.0-win32-x64\jre\21.0.9-win32-x86_64\bin\sunmscapi.dll
Event: 67.776 Loaded shared library C:\Users\loula\.vscode\extensions\redhat.java-1.50.0-win32-x64\jre\21.0.9-win32-x86_64\bin\extnet.dll

Deoptimization events (20 events):
Event: 110.641 Thread 0x000002bc6515ccc0 Uncommon trap: trap_request=0xffffffde fr.pc=0x000002bc120f0838 relative=0x0000000000002138
Event: 110.641 Thread 0x000002bc6515ccc0 Uncommon trap: reason=class_check action=maybe_recompile pc=0x000002bc120f0838 method=org.eclipse.jdt.internal.core.index.DiskIndex.writeCategoryTable([CLorg/eclipse/jdt/internal/compiler/util/HashtableOfObject;Ljava/io/OutputStream;)V @ 178 c2
Event: 110.641 Thread 0x000002bc6515ccc0 DEOPT PACKING pc=0x000002bc120f0838 sp=0x000000e691cfec20
Event: 110.641 Thread 0x000002bc6515ccc0 DEOPT UNPACKING pc=0x000002bc11356da2 sp=0x000000e691cfec08 mode 2
Event: 110.865 Thread 0x000002bc6515ccc0 DEOPT PACKING pc=0x000002bc0b41764c sp=0x000000e691cfebf0
Event: 110.865 Thread 0x000002bc6515ccc0 DEOPT UNPACKING pc=0x000002bc113578e2 sp=0x000000e691cfe0f0 mode 0
Event: 111.432 Thread 0x000002bc6515ccc0 Uncommon trap: trap_request=0xffffff45 fr.pc=0x000002bc1219b2b8 relative=0x00000000000020b8
Event: 111.432 Thread 0x000002bc6515ccc0 Uncommon trap: reason=unstable_if action=reinterpret pc=0x000002bc1219b2b8 method=org.eclipse.jdt.internal.compiler.util.HashtableOfIntValues.put([CI)I @ 104 c2
Event: 111.432 Thread 0x000002bc6515ccc0 DEOPT PACKING pc=0x000002bc1219b2b8 sp=0x000000e691cfec30
Event: 111.432 Thread 0x000002bc6515ccc0 DEOPT UNPACKING pc=0x000002bc11356da2 sp=0x000000e691cfeb70 mode 2
Event: 111.438 Thread 0x000002bc6515ccc0 Uncommon trap: trap_request=0xffffff45 fr.pc=0x000002bc1210e6ac relative=0x0000000000000b4c
Event: 111.438 Thread 0x000002bc6515ccc0 Uncommon trap: reason=unstable_if action=reinterpret pc=0x000002bc1210e6ac method=org.eclipse.jdt.internal.core.index.DiskIndex.writeStreamChars(Ljava/io/OutputStream;[C)V @ 100 c2
Event: 111.438 Thread 0x000002bc6515ccc0 DEOPT PACKING pc=0x000002bc1210e6ac sp=0x000000e691cfec20
Event: 111.438 Thread 0x000002bc6515ccc0 DEOPT UNPACKING pc=0x000002bc11356da2 sp=0x000000e691cfeb60 mode 2
Event: 111.472 Thread 0x000002bc6515ccc0 Uncommon trap: trap_request=0xffffff45 fr.pc=0x000002bc1210bb68 relative=0x00000000000005e8
Event: 111.472 Thread 0x000002bc6515ccc0 Uncommon trap: reason=unstable_if action=reinterpret pc=0x000002bc1210bb68 method=org.eclipse.jdt.internal.core.index.DiskIndex.writeStreamChars(Ljava/io/OutputStream;[C)V @ 100 c2
Event: 111.472 Thread 0x000002bc6515ccc0 DEOPT PACKING pc=0x000002bc1210bb68 sp=0x000000e691cfeb60
Event: 111.472 Thread 0x000002bc6515ccc0 DEOPT UNPACKING pc=0x000002bc11356da2 sp=0x000000e691cfead0 mode 2
Event: 111.559 Thread 0x000002bc6515ccc0 DEOPT PACKING pc=0x000002bc0a2e484c sp=0x000000e691cfebf0
Event: 111.559 Thread 0x000002bc6515ccc0 DEOPT UNPACKING pc=0x000002bc113578e2 sp=0x000000e691cfe0f0 mode 0

Classes loaded (20 events):
Event: 76.492 Loading class java/util/AbstractList$ListItr
Event: 76.492 Loading class java/util/AbstractList$ListItr done
Event: 88.124 Loading class sun/nio/cs/ISO_8859_1$Decoder
Event: 88.124 Loading class sun/nio/cs/ISO_8859_1$Decoder done
Event: 93.207 Loading class java/lang/Throwable$WrappedPrintWriter
Event: 93.207 Loading class java/lang/Throwable$PrintStreamOrWriter
Event: 93.207 Loading class java/lang/Throwable$PrintStreamOrWriter done
Event: 93.207 Loading class java/lang/Throwable$WrappedPrintWriter done
Event: 93.274 Loading class java/util/concurrent/CompletableFuture$UniApply
Event: 93.274 Loading class java/util/concurrent/CompletableFuture$UniCompletion
Event: 93.274 Loading class java/util/concurrent/CompletableFuture$UniCompletion done
Event: 93.274 Loading class java/util/concurrent/CompletableFuture$UniApply done
Event: 93.283 Loading class java/util/concurrent/CompletableFuture$UniAccept
Event: 93.283 Loading class java/util/concurrent/CompletableFuture$UniAccept done
Event: 93.283 Loading class java/util/concurrent/CompletableFuture$UniExceptionally
Event: 93.283 Loading class java/util/concurrent/CompletableFuture$UniExceptionally done
Event: 93.292 Loading class java/util/concurrent/ForkJoinTask$AdaptedCallable
Event: 93.292 Loading class java/util/concurrent/ForkJoinTask$AdaptedCallable done
Event: 97.040 Loading class java/util/Collections$2
Event: 97.040 Loading class java/util/Collections$2 done

Classes unloaded (9 events):
Event: 60.675 Thread 0x000002bc1d621d30 Unloading class 0x000002bc1f1ad400 'java/lang/invoke/LambdaForm$MH+0x000002bc1f1ad400'
Event: 60.675 Thread 0x000002bc1d621d30 Unloading class 0x000002bc1f1ad000 'java/lang/invoke/LambdaForm$MH+0x000002bc1f1ad000'
Event: 60.675 Thread 0x000002bc1d621d30 Unloading class 0x000002bc1f1acc00 'java/lang/invoke/LambdaForm$MH+0x000002bc1f1acc00'
Event: 60.675 Thread 0x000002bc1d621d30 Unloading class 0x000002bc1f1ac800 'java/lang/invoke/LambdaForm$MH+0x000002bc1f1ac800'
Event: 60.675 Thread 0x000002bc1d621d30 Unloading class 0x000002bc1f1ac400 'java/lang/invoke/LambdaForm$BMH+0x000002bc1f1ac400'
Event: 60.675 Thread 0x000002bc1d621d30 Unloading class 0x000002bc1f1ac000 'java/lang/invoke/LambdaForm$DMH+0x000002bc1f1ac000'
Event: 60.675 Thread 0x000002bc1d621d30 Unloading class 0x000002bc1f1aac00 'java/lang/invoke/LambdaForm$DMH+0x000002bc1f1aac00'
Event: 97.305 Thread 0x000002bc1d621d30 Unloading class 0x000002bc1f6c8800 'java/lang/invoke/LambdaForm$DMH+0x000002bc1f6c8800'
Event: 97.305 Thread 0x000002bc1d621d30 Unloading class 0x000002bc1f6c8c00 'java/lang/invoke/LambdaForm$DMH+0x000002bc1f6c8c00'

Classes redefined (0 events):
No events

Internal exceptions (20 events):
Event: 77.825 Thread 0x000002bc60bb68d0 Exception <a 'java/io/FileNotFoundException'{0x00000000d6155da8}> (0x00000000d6155da8) 
thrown [s\src\hotspot\share\prims\jni.cpp, line 520]
Event: 77.825 Thread 0x000002bc60bb68d0 Exception <a 'java/io/FileNotFoundException'{0x00000000d6156b28}> (0x00000000d6156b28) 
thrown [s\src\hotspot\share\prims\jni.cpp, line 520]
Event: 77.833 Thread 0x000002bc60bb68d0 Exception <a 'sun/nio/fs/WindowsException'{0x00000000d61b3570}> (0x00000000d61b3570) 
thrown [s\src\hotspot\share\prims\jni.cpp, line 520]
Event: 77.833 Thread 0x000002bc60bb68d0 Exception <a 'sun/nio/fs/WindowsException'{0x00000000d61b3ac8}> (0x00000000d61b3ac8) 
thrown [s\src\hotspot\share\prims\jni.cpp, line 520]
Event: 78.920 Thread 0x000002bc60bb68d0 Exception <a 'java/lang/NoSuchMethodError'{0x00000000d58b6298}: 'void java.lang.invoke.DirectMethodHandle$Holder.invokeStatic(java.lang.Object, java.lang.Object, java.lang.Object, int)'> (0x00000000d58b6298) 
thrown [s\src\hotspot\share\interpreter\linkResolver.cpp, line 773]
Event: 79.001 Thread 0x000002bc60bb68d0 Exception <a 'java/lang/NoSuchMethodError'{0x00000000d590cc88}: 'void java.lang.invoke.DirectMethodHandle$Holder.invokeVirtual(java.lang.Object, java.lang.Object, int)'> (0x00000000d590cc88) 
thrown [s\src\hotspot\share\interpreter\linkResolver.cpp, line 773]
Event: 80.048 Thread 0x000002bc6515ccc0 Implicit null exception at 0x000002bc11edbf67 to 0x000002bc11ee2c5c
Event: 87.110 Thread 0x000002bc60bb68d0 Exception <a 'java/lang/NoSuchMethodError'{0x00000000d55a7ed0}: 'void java.lang.invoke.DirectMethodHandle$Holder.invokeInterface(java.lang.Object, java.lang.Object)'> (0x00000000d55a7ed0) 
thrown [s\src\hotspot\share\interpreter\linkResolver.cpp, line 773]
Event: 87.159 Thread 0x000002bc60bba3e0 Exception <a 'java/lang/NoSuchMethodError'{0x00000000d56f13f0}: 'void java.lang.invoke.DirectMethodHandle$Holder.invokeSpecial(java.lang.Object, java.lang.Object, java.lang.Object, java.lang.Object, java.lang.Object, java.lang.Object, java.lang.Object, java.lang.Object)'> (0x00000000d56f13f0) 
thrown [s\src\hotspot\share\interpreter\linkResolver.cpp, line 773]
Event: 87.344 Thread 0x000002bc60bb9d50 Implicit null exception at 0x000002bc1203d40d to 0x000002bc1203da44
Event: 93.181 Thread 0x000002bc6515ccc0 Exception <a 'java/io/IOException'{0x00000000d55cf6f0}> (0x00000000d55cf6f0) 
thrown [s\src\hotspot\share\prims\jni.cpp, line 520]
Event: 93.181 Thread 0x000002bc6515ccc0 Exception <a 'java/io/IOException'{0x00000000d55cfa18}> (0x00000000d55cfa18) 
thrown [s\src\hotspot\share\prims\jni.cpp, line 520]
Event: 93.286 Thread 0x000002bc6515ed90 Exception <a 'java/io/FileNotFoundException'{0x00000000d55c1918}> (0x00000000d55c1918) 
thrown [s\src\hotspot\share\prims\jni.cpp, line 520]
Event: 93.286 Thread 0x000002bc6515ed90 Exception <a 'java/io/FileNotFoundException'{0x00000000d55c4c28}> (0x00000000d55c4c28) 
thrown [s\src\hotspot\share\prims\jni.cpp, line 520]
Event: 96.427 Thread 0x000002bc60bb68d0 Implicit null exception at 0x000002bc120d7aaf to 0x000002bc120d7c60
Event: 96.427 Thread 0x000002bc60bb68d0 Implicit null exception at 0x000002bc12094d2b to 0x000002bc12094ed8
Event: 96.995 Thread 0x000002bc60bb68d0 Implicit null exception at 0x000002bc1210a821 to 0x000002bc1210aa17
Event: 97.041 Thread 0x000002bc60bb68d0 Exception <a 'sun/nio/fs/WindowsException'{0x00000000d5755ec0}> (0x00000000d5755ec0) 
thrown [s\src\hotspot\share\prims\jni.cpp, line 520]
Event: 97.041 Thread 0x000002bc60bb68d0 Exception <a 'sun/nio/fs/WindowsException'{0x00000000d5756660}> (0x00000000d5756660) 
thrown [s\src\hotspot\share\prims\jni.cpp, line 520]
Event: 101.110 Thread 0x000002bc6515ed90 Exception <a 'sun/nio/fs/WindowsException'{0x00000000d560c8d0}> (0x00000000d560c8d0) 
thrown [s\src\hotspot\share\prims\jni.cpp, line 520]

ZGC Phase Switch (0 events):
No events

VM Operations (20 events):
Event: 110.340 Executing VM operation: ParallelGCFailedAllocation (Allocation Failure)
Event: 110.346 Executing VM operation: ParallelGCFailedAllocation (Allocation Failure) done
Event: 110.401 Executing VM operation: ParallelGCFailedAllocation (Allocation Failure)
Event: 110.408 Executing VM operation: ParallelGCFailedAllocation (Allocation Failure) done
Event: 110.448 Executing VM operation: ParallelGCFailedAllocation (Allocation Failure)
Event: 110.454 Executing VM operation: ParallelGCFailedAllocation (Allocation Failure) done
Event: 110.521 Executing VM operation: ParallelGCFailedAllocation (Allocation Failure)
Event: 110.526 Executing VM operation: ParallelGCFailedAllocation (Allocation Failure) done
Event: 110.679 Executing VM operation: ParallelGCFailedAllocation (Allocation Failure)
Event: 110.686 Executing VM operation: ParallelGCFailedAllocation (Allocation Failure) done
Event: 110.716 Executing VM operation: ParallelGCFailedAllocation (Allocation Failure)
Event: 110.721 Executing VM operation: ParallelGCFailedAllocation (Allocation Failure) done
Event: 110.760 Executing VM operation: ParallelGCFailedAllocation (Allocation Failure)
Event: 110.765 Executing VM operation: ParallelGCFailedAllocation (Allocation Failure) done
Event: 110.816 Executing VM operation: ParallelGCFailedAllocation (Allocation Failure)
Event: 110.821 Executing VM operation: ParallelGCFailedAllocation (Allocation Failure) done
Event: 111.274 Executing VM operation: ParallelGCFailedAllocation (Allocation Failure)
Event: 111.279 Executing VM operation: ParallelGCFailedAllocation (Allocation Failure) done
Event: 111.364 Executing VM operation: ParallelGCFailedAllocation (Allocation Failure)
Event: 111.369 Executing VM operation: ParallelGCFailedAllocation (Allocation Failure) done

Memory protections (0 events):
No events

Nmethod flushes (20 events):
Event: 97.340 Thread 0x000002bc1d621d30 flushing  nmethod 0x000002bc0a787590
Event: 97.340 Thread 0x000002bc1d621d30 flushing  nmethod 0x000002bc0a796610
Event: 97.340 Thread 0x000002bc1d621d30 flushing  nmethod 0x000002bc0a798c90
Event: 97.340 Thread 0x000002bc1d621d30 flushing  nmethod 0x000002bc0a79ac90
Event: 97.340 Thread 0x000002bc1d621d30 flushing  nmethod 0x000002bc0a7b2190
Event: 97.340 Thread 0x000002bc1d621d30 flushing  nmethod 0x000002bc0a7bab10
Event: 97.340 Thread 0x000002bc1d621d30 flushing  nmethod 0x000002bc0a7c2410
Event: 97.340 Thread 0x000002bc1d621d30 flushing  nmethod 0x000002bc0a7c2910
Event: 97.340 Thread 0x000002bc1d621d30 flushing  nmethod 0x000002bc0a7c9190
Event: 97.340 Thread 0x000002bc1d621d30 flushing  nmethod 0x000002bc0a847f10
Event: 97.340 Thread 0x000002bc1d621d30 flushing  nmethod 0x000002bc0a870390
Event: 97.340 Thread 0x000002bc1d621d30 flushing  nmethod 0x000002bc0a871290
Event: 97.340 Thread 0x000002bc1d621d30 flushing  nmethod 0x000002bc0a871890
Event: 97.340 Thread 0x000002bc1d621d30 flushing  nmethod 0x000002bc0a874d90
Event: 97.340 Thread 0x000002bc1d621d30 flushing  nmethod 0x000002bc0a875890
Event: 97.340 Thread 0x000002bc1d621d30 flushing  nmethod 0x000002bc0a876390
Event: 97.340 Thread 0x000002bc1d621d30 flushing  nmethod 0x000002bc0a87a410
Event: 97.340 Thread 0x000002bc1d621d30 flushing  nmethod 0x000002bc0a88f990
Event: 97.340 Thread 0x000002bc1d621d30 flushing  nmethod 0x000002bc0a89f190
Event: 97.340 Thread 0x000002bc1d621d30 flushing  nmethod 0x000002bc0a8a4010

Events (20 events):
Event: 93.295 Thread 0x000002bc6515ed90 Thread added: 0x000002bc69029490
Event: 93.296 Thread 0x000002bc69029490 Thread added: 0x000002bc6902cfa0
Event: 93.298 Thread 0x000002bc6902cfa0 Thread added: 0x000002bc69029b20
Event: 93.796 Thread 0x000002bc68957160 Thread exited: 0x000002bc68957160
Event: 94.678 Thread 0x000002bc1d6577e0 Thread added: 0x000002bc68959a40
Event: 95.115 Thread 0x000002bc68959a40 Thread exited: 0x000002bc68959a40
Event: 96.403 Thread 0x000002bc6902a840 Thread exited: 0x000002bc6902a840
Event: 96.403 Thread 0x000002bc6902aed0 Thread exited: 0x000002bc6902aed0
Event: 96.403 Thread 0x000002bc60bba3e0 Thread exited: 0x000002bc60bba3e0
Event: 96.403 Thread 0x000002bc60bb9d50 Thread exited: 0x000002bc60bb9d50
Event: 96.404 Thread 0x000002bc6902bbf0 Thread exited: 0x000002bc6902bbf0
Event: 96.453 Thread 0x000002bc1d64f310 Thread added: 0x000002bc68957160
Event: 96.453 Thread 0x000002bc1d64f310 Thread added: 0x000002bc6895c320
Event: 96.723 Thread 0x000002bc6895c320 Thread exited: 0x000002bc6895c320
Event: 97.622 Thread 0x000002bc68957160 Thread exited: 0x000002bc68957160
Event: 101.204 Thread 0x000002bc1d6577e0 Thread added: 0x000002bc68957160
Event: 101.224 Thread 0x000002bc6515c630 Thread added: 0x000002bc6902bbf0
Event: 101.242 Thread 0x000002bc68957160 Thread added: 0x000002bc6895bc50
Event: 101.958 Thread 0x000002bc6895bc50 Thread exited: 0x000002bc6895bc50
Event: 102.567 Thread 0x000002bc68957160 Thread exited: 0x000002bc68957160


Dynamic libraries:
0x00007ff6d5460000 - 0x00007ff6d546e000 	c:\Users\loula\.vscode\extensions\redhat.java-1.50.0-win32-x64\jre\21.0.9-win32-x86_64\bin\java.exe
0x00007ffd98660000 - 0x00007ffd988c7000 	C:\WINDOWS\SYSTEM32\ntdll.dll
0x00007ffd972a0000 - 0x00007ffd97369000 	C:\WINDOWS\System32\KERNEL32.DLL
0x00007ffd95a40000 - 0x00007ffd95e2f000 	C:\WINDOWS\System32\KERNELBASE.dll
0x00007ffd42a70000 - 0x00007ffd42a88000 	c:\Users\loula\.vscode\extensions\redhat.java-1.50.0-win32-x64\jre\21.0.9-win32-x86_64\bin\jli.dll
0x00007ffd42960000 - 0x00007ffd4297e000 	c:\Users\loula\.vscode\extensions\redhat.java-1.50.0-win32-x64\jre\21.0.9-win32-x86_64\bin\VCRUNTIME140.dll
0x00007ffd957b0000 - 0x00007ffd958fb000 	C:\WINDOWS\System32\ucrtbase.dll
0x00007ffd97f00000 - 0x00007ffd980c5000 	C:\WINDOWS\System32\USER32.dll
0x00007ffd961b0000 - 0x00007ffd961d7000 	C:\WINDOWS\System32\win32u.dll
0x00007ffd787a0000 - 0x00007ffd78a33000 	C:\WINDOWS\WinSxS\amd64_microsoft.windows.common-controls_6595b64144ccf1df_6.0.26100.7309_none_3e05feeae336a044\COMCTL32.dll
0x00007ffd97820000 - 0x00007ffd9784b000 	C:\WINDOWS\System32\GDI32.dll
0x00007ffd95fc0000 - 0x00007ffd960ec000 	C:\WINDOWS\System32\gdi32full.dll
0x00007ffd97e50000 - 0x00007ffd97ef9000 	C:\WINDOWS\System32\msvcrt.dll
0x00007ffd95990000 - 0x00007ffd95a33000 	C:\WINDOWS\System32\msvcp_win.dll
0x00007ffd985c0000 - 0x00007ffd985f1000 	C:\WINDOWS\System32\IMM32.DLL
0x00007ffd60f20000 - 0x00007ffd60f2c000 	c:\Users\loula\.vscode\extensions\redhat.java-1.50.0-win32-x64\jre\21.0.9-win32-x86_64\bin\vcruntime140_1.dll
0x00007ffd23fb0000 - 0x00007ffd2403d000 	c:\Users\loula\.vscode\extensions\redhat.java-1.50.0-win32-x64\jre\21.0.9-win32-x86_64\bin\msvcp140.dll
0x00007ffcee390000 - 0x00007ffcef130000 	c:\Users\loula\.vscode\extensions\redhat.java-1.50.0-win32-x64\jre\21.0.9-win32-x86_64\bin\server\jvm.dll
0x00007ffd97d00000 - 0x00007ffd97db4000 	C:\WINDOWS\System32\ADVAPI32.dll
0x00007ffd96ea0000 - 0x00007ffd96f46000 	C:\WINDOWS\System32\sechost.dll
0x00007ffd97be0000 - 0x00007ffd97cf8000 	C:\WINDOWS\System32\RPCRT4.dll
0x00007ffd97030000 - 0x00007ffd970a4000 	C:\WINDOWS\System32\WS2_32.dll
0x00007ffd95610000 - 0x00007ffd9566e000 	C:\WINDOWS\SYSTEM32\POWRPROF.dll
0x00007ffd79b80000 - 0x00007ffd79bb5000 	C:\WINDOWS\SYSTEM32\WINMM.dll
0x00007ffd849d0000 - 0x00007ffd849db000 	C:\WINDOWS\SYSTEM32\VERSION.dll
0x00007ffd955f0000 - 0x00007ffd95604000 	C:\WINDOWS\SYSTEM32\UMPDC.dll
0x00007ffd94560000 - 0x00007ffd9457b000 	C:\WINDOWS\SYSTEM32\kernel.appcore.dll
0x00007ffd60e50000 - 0x00007ffd60e5a000 	c:\Users\loula\.vscode\extensions\redhat.java-1.50.0-win32-x64\jre\21.0.9-win32-x86_64\bin\jimage.dll
0x00007ffd92d60000 - 0x00007ffd92fa2000 	C:\WINDOWS\SYSTEM32\DBGHELP.DLL
0x00007ffd98230000 - 0x00007ffd985b5000 	C:\WINDOWS\System32\combase.dll
0x00007ffd96f50000 - 0x00007ffd97026000 	C:\WINDOWS\System32\OLEAUT32.dll
0x00007ffd609e0000 - 0x00007ffd60a1c000 	C:\WINDOWS\SYSTEM32\dbgcore.DLL
0x00007ffd96350000 - 0x00007ffd963f5000 	C:\WINDOWS\System32\bcryptPrimitives.dll
0x00007ffd60a60000 - 0x00007ffd60a6f000 	c:\Users\loula\.vscode\extensions\redhat.java-1.50.0-win32-x64\jre\21.0.9-win32-x86_64\bin\instrument.dll
0x00007ffd414e0000 - 0x00007ffd41500000 	c:\Users\loula\.vscode\extensions\redhat.java-1.50.0-win32-x64\jre\21.0.9-win32-x86_64\bin\java.dll
0x00007ffd964f0000 - 0x00007ffd96c43000 	C:\WINDOWS\System32\SHELL32.dll
0x00007ffd961e0000 - 0x00007ffd9634a000 	C:\WINDOWS\System32\wintypes.dll
0x00007ffd93380000 - 0x00007ffd93bde000 	C:\WINDOWS\SYSTEM32\windows.storage.dll
0x00007ffd96ce0000 - 0x00007ffd96dd5000 	C:\WINDOWS\System32\SHCORE.dll
0x00007ffd96480000 - 0x00007ffd964e6000 	C:\WINDOWS\System32\shlwapi.dll
0x00007ffd956d0000 - 0x00007ffd956f9000 	C:\WINDOWS\SYSTEM32\profapi.dll
0x00007ffd40e90000 - 0x00007ffd40ea8000 	c:\Users\loula\.vscode\extensions\redhat.java-1.50.0-win32-x64\jre\21.0.9-win32-x86_64\bin\zip.dll
0x00007ffd5ea10000 - 0x00007ffd5ea20000 	C:\Users\loula\.vscode\extensions\redhat.java-1.50.0-win32-x64\jre\21.0.9-win32-x86_64\bin\net.dll
0x00007ffd893b0000 - 0x00007ffd894d8000 	C:\WINDOWS\SYSTEM32\WINHTTP.dll
0x00007ffd94ad0000 - 0x00007ffd94b3b000 	C:\WINDOWS\system32\mswsock.dll
0x00007ffd40270000 - 0x00007ffd40286000 	C:\Users\loula\.vscode\extensions\redhat.java-1.50.0-win32-x64\jre\21.0.9-win32-x86_64\bin\nio.dll
0x00007ffd5af10000 - 0x00007ffd5af20000 	c:\Users\loula\.vscode\extensions\redhat.java-1.50.0-win32-x64\jre\21.0.9-win32-x86_64\bin\verify.dll
0x00007ffd24210000 - 0x00007ffd24254000 	C:\Users\loula\AppData\Roaming\Code\User\globalStorage\redhat.java\1.50.0\config_win\org.eclipse.equinox.launcher\org.eclipse.equinox.launcher.win32.win32.x86_64_1.2.1400.v20250801-0854\eclipse_11916.dll
0x00007ffd978d0000 - 0x00007ffd97a67000 	C:\WINDOWS\System32\ole32.dll
0x00007ffd94d90000 - 0x00007ffd94dab000 	C:\WINDOWS\SYSTEM32\CRYPTSP.dll
0x00007ffd944c0000 - 0x00007ffd944fa000 	C:\WINDOWS\system32\rsaenh.dll
0x00007ffd94b80000 - 0x00007ffd94bab000 	C:\WINDOWS\SYSTEM32\USERENV.dll
0x00007ffd956a0000 - 0x00007ffd956ca000 	C:\WINDOWS\SYSTEM32\bcrypt.dll
0x00007ffd94db0000 - 0x00007ffd94dbc000 	C:\WINDOWS\SYSTEM32\CRYPTBASE.dll
0x00007ffd93f70000 - 0x00007ffd93fa4000 	C:\WINDOWS\SYSTEM32\IPHLPAPI.DLL
0x00007ffd98600000 - 0x00007ffd9860a000 	C:\WINDOWS\System32\NSI.dll
0x00007ffd23ed0000 - 0x00007ffd23f19000 	C:\Users\loula\AppData\Local\Temp\jna-103162951\jna9078133854225077540.dll
0x00007ffd970b0000 - 0x00007ffd970b8000 	C:\WINDOWS\System32\PSAPI.DLL
0x00007ffd8f6d0000 - 0x00007ffd8f6ee000 	C:\WINDOWS\SYSTEM32\dhcpcsvc6.DLL
0x00007ffd8f690000 - 0x00007ffd8f6b3000 	C:\WINDOWS\SYSTEM32\dhcpcsvc.DLL
0x00007ffd77e60000 - 0x00007ffd77e6e000 	C:\Users\loula\.vscode\extensions\redhat.java-1.50.0-win32-x64\jre\21.0.9-win32-x86_64\bin\sunmscapi.dll
0x00007ffd95e40000 - 0x00007ffd95fb7000 	C:\WINDOWS\System32\CRYPT32.dll
0x00007ffd94fb0000 - 0x00007ffd94fe0000 	C:\WINDOWS\SYSTEM32\ncrypt.dll
0x00007ffd94f60000 - 0x00007ffd94f9f000 	C:\WINDOWS\SYSTEM32\NTASN1.dll
0x00007ffd94010000 - 0x00007ffd9413c000 	C:\WINDOWS\SYSTEM32\DNSAPI.dll
0x00007ffd8c9b0000 - 0x00007ffd8c9bb000 	C:\Windows\System32\rasadhlp.dll
0x00007ffd8f8f0000 - 0x00007ffd8f976000 	C:\WINDOWS\System32\fwpuclnt.dll
0x00007ffd6cd20000 - 0x00007ffd6cd29000 	C:\Users\loula\.vscode\extensions\redhat.java-1.50.0-win32-x64\jre\21.0.9-win32-x86_64\bin\extnet.dll

JVMTI agents:
c:\Users\loula\.vscode\extensions\redhat.java-1.50.0-win32-x64\lombok\lombok-1.18.39-4050.jar path:c:\Users\loula\.vscode\extensions\redhat.java-1.50.0-win32-x64\jre\21.0.9-win32-x86_64\bin\instrument.dll, loaded, initialized, instrumentlib options:none

dbghelp: loaded successfully - version: 4.0.5 - missing functions: none
symbol engine: initialized successfully - sym options: 0x614 - pdb path: .;c:\Users\loula\.vscode\extensions\redhat.java-1.50.0-win32-x64\jre\21.0.9-win32-x86_64\bin;C:\WINDOWS\SYSTEM32;C:\WINDOWS\WinSxS\amd64_microsoft.windows.common-controls_6595b64144ccf1df_6.0.26100.7309_none_3e05feeae336a044;c:\Users\loula\.vscode\extensions\redhat.java-1.50.0-win32-x64\jre\21.0.9-win32-x86_64\bin\server;C:\Users\loula\AppData\Roaming\Code\User\globalStorage\redhat.java\1.50.0\config_win\org.eclipse.equinox.launcher\org.eclipse.equinox.launcher.win32.win32.x86_64_1.2.1400.v20250801-0854;C:\Users\loula\AppData\Local\Temp\jna-103162951

VM Arguments:
jvm_args: --add-modules=ALL-SYSTEM --add-opens=java.base/java.util=ALL-UNNAMED --add-opens=java.base/java.lang=ALL-UNNAMED --add-opens=java.base/sun.nio.fs=ALL-UNNAMED -Declipse.application=org.eclipse.jdt.ls.core.id1 -Dosgi.bundles.defaultStartLevel=4 -Declipse.product=org.eclipse.jdt.ls.core.product -Djava.import.generatesMetadataFilesAtProjectRoot=false -DDetectVMInstallationsJob.disabled=true -Dfile.encoding=utf8 -XX:+UseParallelGC -XX:GCTimeRatio=4 -XX:AdaptiveSizePolicyWeight=90 -Dsun.zip.disableMemoryMapping=true -Xmx2G -Xms100m -Xlog:disable -javaagent:c:\Users\loula\.vscode\extensions\redhat.java-1.50.0-win32-x64\lombok\lombok-1.18.39-4050.jar -XX:+HeapDumpOnOutOfMemoryError -XX:HeapDumpPath=c:\Users\loula\AppData\Roaming\Code\User\workspaceStorage\44b5318e10031c4cb1fc957027d05316\redhat.java -Daether.dependencyCollector.impl=bf 
java_command: c:\Users\loula\.vscode\extensions\redhat.java-1.50.0-win32-x64\server\plugins\org.eclipse.equinox.launcher_1.7.100.v20251111-0406.jar -configuration c:\Users\loula\AppData\Roaming\Code\User\globalStorage\redhat.java\1.50.0\config_win -data c:\Users\loula\AppData\Roaming\Code\User\workspaceStorage\44b5318e10031c4cb1fc957027d05316\redhat.java\jdt_ws --pipe=\\.\pipe\lsp-052821af9c09cc1f36b80a24f0d46f98-sock
java_class_path (initial): c:\Users\loula\.vscode\extensions\redhat.java-1.50.0-win32-x64\server\plugins\org.eclipse.equinox.launcher_1.7.100.v20251111-0406.jar
Launcher Type: SUN_STANDARD

[Global flags]
    uintx AdaptiveSizePolicyWeight                 = 90                                        {product} {command line}
     intx CICompilerCount                          = 4                                         {product} {ergonomic}
    uintx GCTimeRatio                              = 4                                         {product} {command line}
     bool HeapDumpOnOutOfMemoryError               = true                                   {manageable} {command line}
    ccstr HeapDumpPath                             = c:\Users\loula\AppData\Roaming\Code\User\workspaceStorage\44b5318e10031c4cb1fc957027d05316\redhat.java         {manageable} {command line}
   size_t InitialHeapSize                          = 104857600                                 {product} {command line}
   size_t MaxHeapSize                              = 2147483648                                {product} {command line}
   size_t MaxNewSize                               = 715653120                                 {product} {ergonomic}
   size_t MinHeapDeltaBytes                        = 524288                                    {product} {ergonomic}
   size_t MinHeapSize                              = 104857600                                 {product} {command line}
   size_t NewSize                                  = 34603008                                  {product} {ergonomic}
    uintx NonNMethodCodeHeapSize                   = 5839372                                {pd product} {ergonomic}
    uintx NonProfiledCodeHeapSize                  = 122909434                              {pd product} {ergonomic}
   size_t OldSize                                  = 70254592                                  {product} {ergonomic}
    uintx ProfiledCodeHeapSize                     = 122909434                              {pd product} {ergonomic}
    uintx ReservedCodeCacheSize                    = 251658240                              {pd product} {ergonomic}
     bool SegmentedCodeCache                       = true                                      {product} {ergonomic}
   size_t SoftMaxHeapSize                          = 2147483648                             {manageable} {ergonomic}
     bool UseCompressedOops                        = true                           {product lp64_product} {ergonomic}
     bool UseLargePagesIndividualAllocation        = false                                  {pd product} {ergonomic}
     bool UseParallelGC                            = true                                      {product} {command line}

Logging:
Log output configuration:
 #0: stdout all=off uptime,level,tags foldmultilines=false
 #1: stderr all=off uptime,level,tags foldmultilines=false

Release file:
JAVA_VERSION="21.0.9" 
MODULES="java.base java.compiler java.datatransfer java.xml java.prefs java.desktop java.instrument java.logging java.management java.security.sasl java.naming java.rmi java.management.rmi java.net.http java.scripting java.security.jgss java.transaction.xa java.sql java.sql.rowset java.xml.crypto java.se java.smartcardio jdk.accessibility jdk.internal.jvmstat jdk.attach jdk.charsets jdk.internal.opt jdk.zipfs jdk.compiler jdk.crypto.ec jdk.crypto.cryptoki jdk.crypto.mscapi jdk.dynalink jdk.internal.ed jdk.editpad jdk.hotspot.agent jdk.httpserver jdk.internal.le jdk.internal.vm.ci jdk.internal.vm.compiler jdk.internal.vm.compiler.management jdk.jartool jdk.javadoc jdk.jcmd jdk.management jdk.management.agent jdk.jconsole jdk.jdeps jdk.jdwp.agent jdk.jdi jdk.jfr jdk.jshell jdk.jsobject jdk.jstatd jdk.localedata jdk.management.jfr jdk.naming.dns jdk.naming.rmi jdk.net jdk.nio.mapmode jdk.random jdk.sctp jdk.security.auth jdk.security.jgss jdk.unsupported jdk.unsupported.desktop jdk.xml.dom" 

Environment Variables:
JAVA_HOME=C:\Java\jdk-17.0.12
PATH=C:\Oracle19c\bin;C:\Python313\Scripts\;C:\Python313\;C:\app\loula\product\23ai\dbhomeFree\bin;C:\WINDOWS\system32;C:\WINDOWS;C:\WINDOWS\System32\Wbem;C:\WINDOWS\System32\WindowsPowerShell\v1.0\;C:\WINDOWS\System32\OpenSSH\;C:\Program Files\HP\HP One Agent;C:\Program Files (x86)\Microsoft SQL Server\160\Tools\Binn\;C:\Program Files\Microsoft SQL Server\160\Tools\Binn\;C:\Program Files\Microsoft SQL Server\Client SDK\ODBC\170\Tools\Binn\;C:\Program Files\Microsoft SQL Server\160\DTS\Binn\;C:\Program Files (x86)\Windows Kits\10\Windows Performance Toolkit\;C:\Program Files\dotnet\;C:\Program Files\Microsoft SQL Server\150\Tools\Binn\;C:\Program Files\nodejs\;C:\ProgramData\ch;C:\Program Files\Docker\Docker\resources\bin;C:\Program Files\MiKTeX\miktex\bin\x64\;C:\Mvnfolder\apache-maven-3.9.11\bin;C:\Java\jdk-17.0.12\bin;C:\Users\loula\.cargo\bin;C:\Users\loula\AppData\Local\Microsoft\WindowsApps;C:\msys64\ucrt64\bin;C:\Users\loula\AppData\Local\Programs\MiKTeX\miktex\bin\x64\;C:\Users\loula\.dotnet\tools;C:\Users\loula\AppData\Roaming\npm;C:\Users\loula\AppData\Local\Programs\cursor\resources\app\bin;C:\Users\loula\AppData\Local\Programs\Microsoft VS Code\bin;C:\src\flutter\flutter\bin;C:\Users\loula\.cargo\bin;C:\Users\loula\AppData\Local\Microsoft\WindowsApps;C:\msys64\ucrt64\bin;C:\Users\loula\AppData\Local\Programs\MiKTeX\miktex\bin\x64\;C:\Users\loula\.dotnet\tools;C:\Users\loula\AppData\Roaming\npm;C:\Users\loula\AppData\Local\Programs\cursor\resources\app\bin;C:\Users\loula\AppData\Local\Programs\Microsoft VS Code\bin
USERNAME=loula
OS=Windows_NT
PROCESSOR_IDENTIFIER=Intel64 Family 6 Model 140 Stepping 1, GenuineIntel
TMP=C:\Users\loula\AppData\Local\Temp
TEMP=C:\Users\loula\AppData\Local\Temp




Periodic native trim disabled

---------------  S Y S T E M  ---------------

OS:
 Windows 11 , 64 bit Build 26100 (10.0.26100.7309)
OS uptime: 0 days 23:54 hours
Hyper-V role detected

CPU: total 8 (initial active 8) (4 cores per cpu, 2 threads per core) family 6 model 140 stepping 1 microcode 0xa4, cx8, cmov, fxsr, ht, mmx, 3dnowpref, sse, sse2, sse3, ssse3, sse4.1, sse4.2, popcnt, lzcnt, tsc, tscinvbit, avx, avx2, aes, erms, clmul, bmi1, bmi2, adx, avx512f, avx512dq, avx512cd, avx512bw, avx512vl, sha, fma, vzeroupper, avx512_vpopcntdq, avx512_vpclmulqdq, avx512_vaes, avx512_vnni, clflush, clflushopt, clwb, avx512_vbmi2, avx512_vbmi, hv, rdtscp, rdpid, fsrm, gfni, avx512_bitalg, f16c, cet_ibt, cet_ss, avx512_ifma
Processor Information for processor 0
  Max Mhz: 2419, Current Mhz: 2419, Mhz Limit: 2419
Processor Information for processor 1
  Max Mhz: 2419, Current Mhz: 1209, Mhz Limit: 2419
Processor Information for processor 2
  Max Mhz: 2419, Current Mhz: 2419, Mhz Limit: 2419
Processor Information for processor 3
  Max Mhz: 2419, Current Mhz: 2419, Mhz Limit: 2419
Processor Information for processor 4
  Max Mhz: 2419, Current Mhz: 2419, Mhz Limit: 2419
Processor Information for processor 5
  Max Mhz: 2419, Current Mhz: 2419, Mhz Limit: 2419
Processor Information for processor 6
  Max Mhz: 2419, Current Mhz: 2419, Mhz Limit: 2419
Processor Information for processor 7
  Max Mhz: 2419, Current Mhz: 1209, Mhz Limit: 2419

Memory: 4k page, system-wide physical 7937M (576M free)
TotalPageFile size 16359M (AvailPageFile size 38M)
current process WorkingSet (physical memory assigned to process): 888M, peak: 890M
current process commit charge ("private bytes"): 826M, peak: 828M

vm_info: OpenJDK 64-Bit Server VM (21.0.9+10-LTS) for windows-amd64 JRE (21.0.9+10-LTS), built on 2025-10-21T00:00:00Z by "admin" with unknown MS VC++:1942

END.
