#
# There is insufficient memory for the Java Runtime Environment to continue.
# Native memory allocation (malloc) failed to allocate 32744 bytes. Error detail: Chunk::new
# Possible reasons:
#   The system is out of physical RAM or swap space
#   This process is running with CompressedOops enabled, and the Java Heap may be blocking the growth of the native heap
# Possible solutions:
#   Reduce memory load on the system
#   Increase physical memory or swap space
#   Check if swap backing store is full
#   Decrease Java heap size (-Xmx/-Xms)
#   Decrease number of Java threads
#   Decrease Java thread stack sizes (-Xss)
#   Set larger code cache with -XX:ReservedCodeCacheSize=
#   JVM is running with Unscaled Compressed Oops mode in which the Java heap is
#     placed in the first 4GB address space. The Java Heap base address is the
#     maximum limit for the native heap growth. Please use -XX:HeapBaseMinAddress
#     to set the Java Heap base and to place the Java Heap above 4GB virtual address.
# This output file may be truncated or incomplete.
#
#  Out of Memory Error (arena.cpp:168), pid=19680, tid=14116
#
# JRE version: OpenJDK Runtime Environment Temurin-21.0.9+10 (21.0.9+10) (build 21.0.9+10-LTS)
# Java VM: OpenJDK 64-Bit Server VM Temurin-21.0.9+10 (21.0.9+10-LTS, mixed mode, sharing, tiered, compressed oops, compressed class ptrs, parallel gc, windows-amd64)
# No core dump will be written. Minidumps are not enabled by default on client versions of Windows
#

---------------  S U M M A R Y ------------

Command Line: --add-modules=ALL-SYSTEM --add-opens=java.base/java.util=ALL-UNNAMED --add-opens=java.base/java.lang=ALL-UNNAMED --add-opens=java.base/sun.nio.fs=ALL-UNNAMED -Declipse.application=org.eclipse.jdt.ls.core.id1 -Dosgi.bundles.defaultStartLevel=4 -Declipse.product=org.eclipse.jdt.ls.core.product -Djava.import.generatesMetadataFilesAtProjectRoot=false -DDetectVMInstallationsJob.disabled=true -Dfile.encoding=utf8 -XX:+UseParallelGC -XX:GCTimeRatio=4 -XX:AdaptiveSizePolicyWeight=90 -Dsun.zip.disableMemoryMapping=true -Xmx2G -Xms100m -Xlog:disable -javaagent:c:\Users\loula\.vscode\extensions\redhat.java-1.50.0-win32-x64\lombok\lombok-1.18.39-4050.jar -XX:+HeapDumpOnOutOfMemoryError -XX:HeapDumpPath=c:\Users\loula\AppData\Roaming\Code\User\workspaceStorage\44b5318e10031c4cb1fc957027d05316\redhat.java -Daether.dependencyCollector.impl=bf c:\Users\loula\.vscode\extensions\redhat.java-1.50.0-win32-x64\server\plugins\org.eclipse.equinox.launcher_1.7.100.v20251111-0406.jar -configuration c:\Users\loula\AppData\Roaming\Code\User\globalStorage\redhat.java\1.50.0\config_win -data c:\Users\loula\AppData\Roaming\Code\User\workspaceStorage\44b5318e10031c4cb1fc957027d05316\redhat.java\jdt_ws --pipe=\\.\pipe\lsp-a301a88ecdea1ea0a752611755394b39-sock

Host: 11th Gen Intel(R) Core(TM) i5-1135G7 @ 2.40GHz, 8 cores, 7G,  Windows 11 , 64 bit Build 26100 (10.0.26100.7309)
Time: Mon Dec 15 22:24:23 2025 Morocco Summer Time elapsed time: 151.466514 seconds (0d 0h 2m 31s)

---------------  T H R E A D  ---------------

Current thread (0x00000167608609c0):  JavaThread "C2 CompilerThread1" daemon [_thread_in_native, id=14116, stack(0x0000004096900000,0x0000004096a00000) (1024K)]


Current CompileTask:
C2:151466 12745   !   4       org.apache.maven.model.profile.DefaultProfileSelector::isActive (200 bytes)

Stack: [0x0000004096900000,0x0000004096a00000]
Native frames: (J=compiled Java code, j=interpreted, Vv=VM code, C=native code)
V  [jvm.dll+0x6d6e29]
V  [jvm.dll+0x8b4b76]
V  [jvm.dll+0x8b712e]
V  [jvm.dll+0x8b7813]
V  [jvm.dll+0x283d86]
V  [jvm.dll+0xc66ed]
V  [jvm.dll+0xc6c31]
V  [jvm.dll+0x3c3fad]
V  [jvm.dll+0x3c35c1]
V  [jvm.dll+0x3c3604]
V  [jvm.dll+0x5de32b]
V  [jvm.dll+0x5deda7]
V  [jvm.dll+0x38abc1]
V  [jvm.dll+0x389fda]
V  [jvm.dll+0x24bfa0]
V  [jvm.dll+0x24b580]
V  [jvm.dll+0x1cb13e]
V  [jvm.dll+0x25b29d]
V  [jvm.dll+0x25982a]
V  [jvm.dll+0x3f7ea6]
V  [jvm.dll+0x85e9ad]
V  [jvm.dll+0x6d565d]
C  [ucrtbase.dll+0x37b0]
C  [KERNEL32.DLL+0x2e8d7]
C  [ntdll.dll+0x8c53c]


---------------  P R O C E S S  ---------------

Threads class SMR info:
_java_thread_list=0x0000016762b15e40, length=51, elements={
0x000001677f65eb20, 0x000001677f719370, 0x000001677f71c690, 0x000001677f71e2f0,
0x0000016717716fd0, 0x000001671771af90, 0x0000016717723540, 0x0000016717729a80,
0x000001675a1413a0, 0x000001675a32c020, 0x000001675a452f30, 0x000001675f025cc0,
0x000001675acfdf40, 0x000001675acfd2e0, 0x000001675f0f2100, 0x000001675f570c60,
0x000001675f7eb010, 0x000001675f52be40, 0x000001675f52cb60, 0x000001675f52d1f0,
0x000001675f52a400, 0x000001675f52d880, 0x000001675f52b120, 0x000001675f52aa90,
0x000001675f52b7b0, 0x000001675fbfb190, 0x000001675fbfd8f0, 0x000001675fbfab00,
0x000001675fbfbeb0, 0x000001675fbfcbd0, 0x000001675fbfa470, 0x000001675fbfd260,
0x000001675fbfc540, 0x000001675fbfdf80, 0x000001675fbfe610, 0x000001675fbfb820,
0x000001675fc01400, 0x000001675fc00050, 0x000001676c0430d0, 0x000001676c042a40,
0x000001676c043760, 0x000001676c0423b0, 0x000001676c043df0, 0x000001676c040970,
0x000001676c044480, 0x000001676c0451a0, 0x000001676c045830, 0x00000167628286e0,
0x000001676282a7b0, 0x000001676282ae40, 0x00000167608609c0
}

Java Threads: ( => current thread )
  0x000001677f65eb20 JavaThread "main"                              [_thread_blocked, id=18820, stack(0x0000004093400000,0x0000004093500000) (1024K)]
  0x000001677f719370 JavaThread "Reference Handler"          daemon [_thread_blocked, id=4804, stack(0x0000004093800000,0x0000004093900000) (1024K)]
  0x000001677f71c690 JavaThread "Finalizer"                  daemon [_thread_blocked, id=11944, stack(0x0000004093900000,0x0000004093a00000) (1024K)]
  0x000001677f71e2f0 JavaThread "Signal Dispatcher"          daemon [_thread_blocked, id=2876, stack(0x0000004093a00000,0x0000004093b00000) (1024K)]
  0x0000016717716fd0 JavaThread "Attach Listener"            daemon [_thread_blocked, id=10720, stack(0x0000004093b00000,0x0000004093c00000) (1024K)]
  0x000001671771af90 JavaThread "Service Thread"             daemon [_thread_blocked, id=16312, stack(0x0000004093c00000,0x0000004093d00000) (1024K)]
  0x0000016717723540 JavaThread "Monitor Deflation Thread"   daemon [_thread_blocked, id=11540, stack(0x0000004093d00000,0x0000004093e00000) (1024K)]
  0x0000016717729a80 JavaThread "C2 CompilerThread0"         daemon [_thread_blocked, id=2464, stack(0x0000004093e00000,0x0000004093f00000) (1024K)]
  0x000001675a1413a0 JavaThread "C1 CompilerThread0"         daemon [_thread_blocked, id=6392, stack(0x0000004093f00000,0x0000004094000000) (1024K)]
  0x000001675a32c020 JavaThread "Common-Cleaner"             daemon [_thread_blocked, id=16288, stack(0x0000004094100000,0x0000004094200000) (1024K)]
  0x000001675a452f30 JavaThread "Notification Thread"        daemon [_thread_blocked, id=17368, stack(0x0000004094200000,0x0000004094300000) (1024K)]
  0x000001675f025cc0 JavaThread "Active Thread: Equinox Container: 116efb65-272d-4656-9d4c-c2aab34d3eeb"        [_thread_blocked, id=1392, stack(0x0000004094a00000,0x0000004094b00000) (1024K)]
  0x000001675acfdf40 JavaThread "Refresh Thread: Equinox Container: 116efb65-272d-4656-9d4c-c2aab34d3eeb" daemon [_thread_blocked, id=684, stack(0x0000004094b00000,0x0000004094c00000) (1024K)]
  0x000001675acfd2e0 JavaThread "Framework Event Dispatcher: Equinox Container: 116efb65-272d-4656-9d4c-c2aab34d3eeb" daemon [_thread_blocked, id=15804, stack(0x0000004094d00000,0x0000004094e00000) (1024K)]
  0x000001675f0f2100 JavaThread "Start Level: Equinox Container: 116efb65-272d-4656-9d4c-c2aab34d3eeb" daemon [_thread_blocked, id=18928, stack(0x0000004094e00000,0x0000004094f00000) (1024K)]
  0x000001675f570c60 JavaThread "Bundle File Closer"         daemon [_thread_blocked, id=15332, stack(0x0000004094f00000,0x0000004095000000) (1024K)]
  0x000001675f7eb010 JavaThread "SCR Component Actor"        daemon [_thread_blocked, id=17196, stack(0x0000004094000000,0x0000004094100000) (1024K)]
  0x000001675f52be40 JavaThread "Worker-JM"                         [_thread_blocked, id=13276, stack(0x0000004094300000,0x0000004094400000) (1024K)]
  0x000001675f52cb60 JavaThread "JNA Cleaner"                daemon [_thread_blocked, id=17192, stack(0x0000004095000000,0x0000004095100000) (1024K)]
  0x000001675f52d1f0 JavaThread "Worker-0"                          [_thread_blocked, id=11992, stack(0x0000004095200000,0x0000004095300000) (1024K)]
  0x000001675f52a400 JavaThread "Worker-1"                          [_thread_blocked, id=8324, stack(0x0000004095300000,0x0000004095400000) (1024K)]
  0x000001675f52d880 JavaThread "Worker-2"                          [_thread_blocked, id=748, stack(0x0000004095500000,0x0000004095600000) (1024K)]
  0x000001675f52b120 JavaThread "Java indexing"              daemon [_thread_blocked, id=6676, stack(0x0000004095600000,0x0000004095700000) (1024K)]
  0x000001675f52aa90 JavaThread "Worker-3"                          [_thread_blocked, id=14172, stack(0x0000004095900000,0x0000004095a00000) (1024K)]
  0x000001675f52b7b0 JavaThread "Worker-4"                          [_thread_blocked, id=19104, stack(0x0000004095a00000,0x0000004095b00000) (1024K)]
  0x000001675fbfb190 JavaThread "Thread-1"                   daemon [_thread_in_native, id=6632, stack(0x0000004095b00000,0x0000004095c00000) (1024K)]
  0x000001675fbfd8f0 JavaThread "Thread-2"                   daemon [_thread_in_native, id=16032, stack(0x0000004095c00000,0x0000004095d00000) (1024K)]
  0x000001675fbfab00 JavaThread "Thread-3"                   daemon [_thread_in_native, id=13848, stack(0x0000004095d00000,0x0000004095e00000) (1024K)]
  0x000001675fbfbeb0 JavaThread "Thread-4"                   daemon [_thread_in_native, id=8876, stack(0x0000004095e00000,0x0000004095f00000) (1024K)]
  0x000001675fbfcbd0 JavaThread "Thread-5"                   daemon [_thread_in_native, id=18496, stack(0x0000004095f00000,0x0000004096000000) (1024K)]
  0x000001675fbfa470 JavaThread "Thread-6"                   daemon [_thread_in_native, id=9204, stack(0x0000004096000000,0x0000004096100000) (1024K)]
  0x000001675fbfd260 JavaThread "Thread-7"                   daemon [_thread_in_native, id=7196, stack(0x0000004096100000,0x0000004096200000) (1024K)]
  0x000001675fbfc540 JavaThread "Thread-8"                   daemon [_thread_in_native, id=14444, stack(0x0000004096200000,0x0000004096300000) (1024K)]
  0x000001675fbfdf80 JavaThread "Thread-9"                   daemon [_thread_in_native, id=14000, stack(0x0000004096300000,0x0000004096400000) (1024K)]
  0x000001675fbfe610 JavaThread "pool-2-thread-1"                   [_thread_blocked, id=13460, stack(0x0000004096400000,0x0000004096500000) (1024K)]
  0x000001675fbfb820 JavaThread "WorkspaceEventsHandler"            [_thread_blocked, id=15396, stack(0x0000004096500000,0x0000004096600000) (1024K)]
  0x000001675fc01400 JavaThread "pool-1-thread-1"                   [_thread_blocked, id=8908, stack(0x0000004096600000,0x0000004096700000) (1024K)]
  0x000001675fc00050 JavaThread "Worker-5"                          [_thread_blocked, id=19764, stack(0x0000004096700000,0x0000004096800000) (1024K)]
  0x000001676c0430d0 JavaThread "ForkJoinPool.commonPool-worker-1" daemon [_thread_blocked, id=13348, stack(0x0000004093100000,0x0000004093200000) (1024K)]
  0x000001676c042a40 JavaThread "ForkJoinPool.commonPool-worker-2" daemon [_thread_blocked, id=18920, stack(0x0000004093200000,0x0000004093300000) (1024K)]
  0x000001676c043760 JavaThread "ForkJoinPool.commonPool-worker-3" daemon [_thread_blocked, id=16088, stack(0x0000004093300000,0x0000004093400000) (1024K)]
  0x000001676c0423b0 JavaThread "ForkJoinPool.commonPool-worker-4" daemon [_thread_blocked, id=10320, stack(0x0000004095100000,0x0000004095200000) (1024K)]
  0x000001676c043df0 JavaThread "ForkJoinPool.commonPool-worker-5" daemon [_thread_blocked, id=3348, stack(0x0000004095400000,0x0000004095500000) (1024K)]
  0x000001676c040970 JavaThread "ForkJoinPool.commonPool-worker-6" daemon [_thread_blocked, id=19924, stack(0x0000004095700000,0x0000004095800000) (1024K)]
  0x000001676c044480 JavaThread "ForkJoinPool.commonPool-worker-7" daemon [_thread_blocked, id=18264, stack(0x0000004096800000,0x0000004096900000) (1024K)]
  0x000001676c0451a0 JavaThread "ParallelDescriptorResolver-1-0" daemon [_thread_in_Java, id=7132, stack(0x0000004096b00000,0x0000004096c00000) (1024K)]
  0x000001676c045830 JavaThread "ParallelDescriptorResolver-1-1" daemon [_thread_in_native, id=10416, stack(0x0000004096c00000,0x0000004096d00000) (1024K)]
  0x00000167628286e0 JavaThread "ParallelDescriptorResolver-1-2" daemon [_thread_in_native, id=14576, stack(0x0000004096d00000,0x0000004096e00000) (1024K)]
  0x000001676282a7b0 JavaThread "ParallelDescriptorResolver-1-3" daemon [_thread_in_native, id=9676, stack(0x0000004096e00000,0x0000004096f00000) (1024K)]
  0x000001676282ae40 JavaThread "ParallelDescriptorResolver-1-4" daemon [_thread_in_native, id=936, stack(0x0000004096f00000,0x0000004097000000) (1024K)]
=>0x00000167608609c0 JavaThread "C2 CompilerThread1"         daemon [_thread_in_native, id=14116, stack(0x0000004096900000,0x0000004096a00000) (1024K)]
Total: 51

Other Threads:
  0x0000016717711de0 VMThread "VM Thread"                           [id=9152, stack(0x0000004093700000,0x0000004093800000) (1024K)]
  0x000001677f6cc9e0 WatcherThread "VM Periodic Task Thread"        [id=19432, stack(0x0000004093600000,0x0000004093700000) (1024K)]
  0x000001677f67d090 WorkerThread "GC Thread#0"                     [id=14792, stack(0x0000004093500000,0x0000004093600000) (1024K)]
  0x000001675a5f5bb0 WorkerThread "GC Thread#1"                     [id=5948, stack(0x0000004094400000,0x0000004094500000) (1024K)]
  0x000001675a5f5f50 WorkerThread "GC Thread#2"                     [id=17860, stack(0x0000004094500000,0x0000004094600000) (1024K)]
  0x000001675a8b4b90 WorkerThread "GC Thread#3"                     [id=1744, stack(0x0000004094600000,0x0000004094700000) (1024K)]
  0x000001675a8b3970 WorkerThread "GC Thread#4"                     [id=14492, stack(0x0000004094700000,0x0000004094800000) (1024K)]
  0x000001675a8b35d0 WorkerThread "GC Thread#5"                     [id=11120, stack(0x0000004094800000,0x0000004094900000) (1024K)]
  0x000001675a8b4f30 WorkerThread "GC Thread#6"                     [id=17012, stack(0x0000004094900000,0x0000004094a00000) (1024K)]
  0x000001675a8b47f0 WorkerThread "GC Thread#7"                     [id=10788, stack(0x0000004094c00000,0x0000004094d00000) (1024K)]
Total: 10

Threads with active compile tasks:
C2 CompilerThread1  151497 12745   !   4       org.apache.maven.model.profile.DefaultProfileSelector::isActive (200 bytes)
Total: 1

VM state: not at safepoint (normal execution)

VM Mutex/Monitor currently owned by a thread: None

Heap address: 0x0000000080000000, size: 2048 MB, Compressed Oops mode: 32-bit

CDS archive(s) mapped at: [0x0000016718000000-0x0000016718ba0000-0x0000016718ba0000), size 12189696, SharedBaseAddress: 0x0000016718000000, ArchiveRelocationMode: 1.
Compressed class space mapped at: 0x0000016719000000-0x0000016759000000, reserved size: 1073741824
Narrow klass base: 0x0000016718000000, Narrow klass shift: 0, Narrow klass range: 0x100000000

GC Precious Log:
 CardTable entry size: 512
 CPUs: 8 total, 8 available
 Memory: 7937M
 Large Page Support: Disabled
 NUMA Support: Disabled
 Compressed Oops: Enabled (32-bit)
 Alignments: Space 512K, Generation 512K, Heap 2M
 Heap Min Capacity: 100M
 Heap Initial Capacity: 100M
 Heap Max Capacity: 2G
 Pre-touch: Disabled
 Parallel Workers: 8

Heap:
 PSYoungGen      total 4608K, used 3211K [0x00000000d5580000, 0x00000000d5b00000, 0x0000000100000000)
  eden space 3584K, 73% used [0x00000000d5580000,0x00000000d5812d38,0x00000000d5900000)
  from space 1024K, 56% used [0x00000000d5900000,0x00000000d5990000,0x00000000d5a00000)
  to   space 1024K, 0% used [0x00000000d5a00000,0x00000000d5a00000,0x00000000d5b00000)
 ParOldGen       total 899072K, used 899018K [0x0000000080000000, 0x00000000b6e00000, 0x00000000d5580000)
  object space 899072K, 99% used [0x0000000080000000,0x00000000b6df29f0,0x00000000b6e00000)
 Metaspace       used 57691K, committed 59136K, reserved 1114112K
  class space    used 6109K, committed 6784K, reserved 1048576K

Card table byte_map: [0x000001677f000000,0x000001677f410000] _byte_map_base: 0x000001677ec00000

Marking Bits: (ParMarkBitMap*) 0x00007ffcef052460
 Begin Bits: [0x0000016713550000, 0x0000016715550000)
 End Bits:   [0x0000016715550000, 0x0000016717550000)

Polling page: 0x000001677ead0000

Metaspace:

Usage:
  Non-class:     50.37 MB used.
      Class:      5.97 MB used.
       Both:     56.34 MB used.

Virtual space:
  Non-class space:       64.00 MB reserved,      51.12 MB ( 80%) committed,  1 nodes.
      Class space:        1.00 GB reserved,       6.62 MB ( <1%) committed,  1 nodes.
             Both:        1.06 GB reserved,      57.75 MB (  5%) committed. 

Chunk freelists:
   Non-Class:  12.19 MB
       Class:  9.37 MB
        Both:  21.55 MB

MaxMetaspaceSize: unlimited
CompressedClassSpaceSize: 1.00 GB
Initial GC threshold: 21.00 MB
Current GC threshold: 92.12 MB
CDS: on
 - commit_granule_bytes: 65536.
 - commit_granule_words: 8192.
 - virtual_space_node_default_size: 8388608.
 - enlarge_chunks_in_place: 1.
 - use_allocation_guard: 0.


Internal statistics:

num_allocs_failed_limit: 14.
num_arena_births: 1080.
num_arena_deaths: 18.
num_vsnodes_births: 2.
num_vsnodes_deaths: 0.
num_space_committed: 924.
num_space_uncommitted: 0.
num_chunks_returned_to_freelist: 32.
num_chunks_taken_from_freelist: 3860.
num_chunk_merges: 21.
num_chunk_splits: 2348.
num_chunks_enlarged: 1263.
num_inconsistent_stats: 0.

CodeHeap 'non-profiled nmethods': size=120000Kb used=10909Kb max_used=10909Kb free=109090Kb
 bounds [0x000001670c020000, 0x000001670cad0000, 0x0000016713550000]
CodeHeap 'profiled nmethods': size=120000Kb used=27739Kb max_used=27739Kb free=92260Kb
 bounds [0x0000016704550000, 0x0000016706070000, 0x000001670ba80000]
CodeHeap 'non-nmethods': size=5760Kb used=1411Kb max_used=1511Kb free=4348Kb
 bounds [0x000001670ba80000, 0x000001670bcf0000, 0x000001670c020000]
CodeCache: size=245760Kb, used=40059Kb, max_used=40159Kb, free=205698Kb
 total_blobs=12659, nmethods=11949, adapters=616, full_count=0
Compilation: enabled, stopped_count=0, restarted_count=0

Compilation events (20 events):
Event: 151.435 Thread 0x000001675a1413a0 nmethod 12788 0x000001670605aa10 code [0x000001670605abc0, 0x000001670605ae48]
Event: 151.435 Thread 0x000001675a1413a0 12789       3       org.eclipse.aether.internal.impl.collect.bf.BfDependencyCollector::lambda$resolveArtifactDescriptorAsync$1 (27 bytes)
Event: 151.435 Thread 0x000001675a1413a0 nmethod 12789 0x000001670605af10 code [0x000001670605b160, 0x000001670605bb80]
Event: 151.435 Thread 0x000001675a1413a0 12793       3       org.eclipse.aether.internal.impl.collect.DataPool$Constraint$VersionRepo::<init> (15 bytes)
Event: 151.435 Thread 0x000001675a1413a0 nmethod 12793 0x000001670605bf10 code [0x000001670605c0c0, 0x000001670605c258]
Event: 151.435 Thread 0x000001675a1413a0 12794       3       org.eclipse.aether.internal.impl.collect.DataPool$HardInternPool::get (9 bytes)
Event: 151.436 Thread 0x000001675a1413a0 nmethod 12794 0x000001670605c310 code [0x000001670605c4c0, 0x000001670605c690]
Event: 151.447 Thread 0x000001675a1413a0 12795       3       java.lang.Class::getMethods (26 bytes)
Event: 151.447 Thread 0x000001675a1413a0 nmethod 12795 0x000001670605c790 code [0x000001670605c960, 0x000001670605cbb8]
Event: 151.447 Thread 0x000001675a1413a0 12796       3       java.util.Collections$EmptyList::forEach (6 bytes)
Event: 151.447 Thread 0x000001675a1413a0 nmethod 12796 0x000001670605cc90 code [0x000001670605ce40, 0x000001670605d0a0]
Event: 151.447 Thread 0x000001675a1413a0 12797       3       org.eclipse.aether.internal.impl.collect.DataPool$Constraint::<init> (90 bytes)
Event: 151.448 Thread 0x0000016717729a80 12799       4       org.eclipse.aether.artifact.AbstractArtifact::equals (139 bytes)
Event: 151.448 Thread 0x000001675a1413a0 nmethod 12797 0x000001670605d190 code [0x000001670605d3e0, 0x000001670605e0a8]
Event: 151.448 Thread 0x000001675a1413a0 12798       3       org.eclipse.aether.internal.impl.collect.bf.BfDependencyCollector$$Lambda/0x0000016719652828::<init> (38 bytes)
Event: 151.449 Thread 0x000001675a1413a0 nmethod 12798 0x000001670605e490 code [0x000001670605e640, 0x000001670605e830]
Event: 151.451 Thread 0x000001675a1413a0 12800       3       org.eclipse.aether.resolution.ArtifactDescriptorResult::setRepository (7 bytes)
Event: 151.451 Thread 0x000001675a1413a0 nmethod 12800 0x000001670605e910 code [0x000001670605eaa0, 0x000001670605ebc8]
Event: 151.452 Thread 0x000001675a1413a0 12802       3       org.apache.maven.repository.internal.DefaultArtifactDescriptorReader::toProperties (28 bytes)
Event: 151.453 Thread 0x000001675a1413a0 nmethod 12802 0x000001670605ec90 code [0x000001670605ee80, 0x000001670605f630]

GC Heap History (20 events):
Event: 150.546 GC heap before
{Heap before GC invocations=3324 (full 3):
 PSYoungGen      total 5120K, used 4864K [0x00000000d5580000, 0x00000000d5b80000, 0x0000000100000000)
  eden space 4096K, 100% used [0x00000000d5580000,0x00000000d5980000,0x00000000d5980000)
  from space 1024K, 75% used [0x00000000d5a80000,0x00000000d5b40000,0x00000000d5b80000)
  to   space 1024K, 0% used [0x00000000d5980000,0x00000000d5980000,0x00000000d5a80000)
 ParOldGen       total 895488K, used 895280K [0x0000000080000000, 0x00000000b6a80000, 0x00000000d5580000)
  object space 895488K, 99% used [0x0000000080000000,0x00000000b6a4c080,0x00000000b6a80000)
 Metaspace       used 57605K, committed 59008K, reserved 1114112K
  class space    used 6108K, committed 6784K, reserved 1048576K
}
Event: 150.548 GC heap after
{Heap after GC invocations=3324 (full 3):
 PSYoungGen      total 5120K, used 512K [0x00000000d5580000, 0x00000000d5b80000, 0x0000000100000000)
  eden space 4096K, 0% used [0x00000000d5580000,0x00000000d5580000,0x00000000d5980000)
  from space 1024K, 50% used [0x00000000d5980000,0x00000000d5a00000,0x00000000d5a80000)
  to   space 1024K, 0% used [0x00000000d5a80000,0x00000000d5a80000,0x00000000d5b80000)
 ParOldGen       total 896000K, used 895960K [0x0000000080000000, 0x00000000b6b00000, 0x00000000d5580000)
  object space 896000K, 99% used [0x0000000080000000,0x00000000b6af6080,0x00000000b6b00000)
 Metaspace       used 57605K, committed 59008K, reserved 1114112K
  class space    used 6108K, committed 6784K, reserved 1048576K
}
Event: 151.096 GC heap before
{Heap before GC invocations=3325 (full 3):
 PSYoungGen      total 5120K, used 4607K [0x00000000d5580000, 0x00000000d5b80000, 0x0000000100000000)
  eden space 4096K, 99% used [0x00000000d5580000,0x00000000d597ff60,0x00000000d5980000)
  from space 1024K, 50% used [0x00000000d5980000,0x00000000d5a00000,0x00000000d5a80000)
  to   space 1024K, 0% used [0x00000000d5a80000,0x00000000d5a80000,0x00000000d5b80000)
 ParOldGen       total 896000K, used 895960K [0x0000000080000000, 0x00000000b6b00000, 0x00000000d5580000)
  object space 896000K, 99% used [0x0000000080000000,0x00000000b6af6080,0x00000000b6b00000)
 Metaspace       used 57630K, committed 59072K, reserved 1114112K
  class space    used 6108K, committed 6784K, reserved 1048576K
}
Event: 151.099 GC heap after
{Heap after GC invocations=3325 (full 3):
 PSYoungGen      total 4608K, used 1024K [0x00000000d5580000, 0x00000000d5c80000, 0x0000000100000000)
  eden space 3584K, 0% used [0x00000000d5580000,0x00000000d5580000,0x00000000d5900000)
  from space 1024K, 100% used [0x00000000d5a80000,0x00000000d5b80000,0x00000000d5b80000)
  to   space 1536K, 0% used [0x00000000d5900000,0x00000000d5900000,0x00000000d5a80000)
 ParOldGen       total 896512K, used 896000K [0x0000000080000000, 0x00000000b6b80000, 0x00000000d5580000)
  object space 896512K, 99% used [0x0000000080000000,0x00000000b6b00080,0x00000000b6b80000)
 Metaspace       used 57630K, committed 59072K, reserved 1114112K
  class space    used 6108K, committed 6784K, reserved 1048576K
}
Event: 151.142 GC heap before
{Heap before GC invocations=3326 (full 3):
 PSYoungGen      total 4608K, used 4594K [0x00000000d5580000, 0x00000000d5c80000, 0x0000000100000000)
  eden space 3584K, 99% used [0x00000000d5580000,0x00000000d58fcb98,0x00000000d5900000)
  from space 1024K, 100% used [0x00000000d5a80000,0x00000000d5b80000,0x00000000d5b80000)
  to   space 1536K, 0% used [0x00000000d5900000,0x00000000d5900000,0x00000000d5a80000)
 ParOldGen       total 896512K, used 896000K [0x0000000080000000, 0x00000000b6b80000, 0x00000000d5580000)
  object space 896512K, 99% used [0x0000000080000000,0x00000000b6b00080,0x00000000b6b80000)
 Metaspace       used 57630K, committed 59072K, reserved 1114112K
  class space    used 6108K, committed 6784K, reserved 1048576K
}
Event: 151.144 GC heap after
{Heap after GC invocations=3326 (full 3):
 PSYoungGen      total 4096K, used 320K [0x00000000d5580000, 0x00000000d5b00000, 0x0000000100000000)
  eden space 3584K, 0% used [0x00000000d5580000,0x00000000d5580000,0x00000000d5900000)
  from space 512K, 62% used [0x00000000d5900000,0x00000000d5950000,0x00000000d5980000)
  to   space 1024K, 0% used [0x00000000d5a00000,0x00000000d5a00000,0x00000000d5b00000)
 ParOldGen       total 897024K, used 896938K [0x0000000080000000, 0x00000000b6c00000, 0x00000000d5580000)
  object space 897024K, 99% used [0x0000000080000000,0x00000000b6bea9f0,0x00000000b6c00000)
 Metaspace       used 57630K, committed 59072K, reserved 1114112K
  class space    used 6108K, committed 6784K, reserved 1048576K
}
Event: 151.163 GC heap before
{Heap before GC invocations=3327 (full 3):
 PSYoungGen      total 4096K, used 3904K [0x00000000d5580000, 0x00000000d5b00000, 0x0000000100000000)
  eden space 3584K, 100% used [0x00000000d5580000,0x00000000d5900000,0x00000000d5900000)
  from space 512K, 62% used [0x00000000d5900000,0x00000000d5950000,0x00000000d5980000)
  to   space 1024K, 0% used [0x00000000d5a00000,0x00000000d5a00000,0x00000000d5b00000)
 ParOldGen       total 897024K, used 896938K [0x0000000080000000, 0x00000000b6c00000, 0x00000000d5580000)
  object space 897024K, 99% used [0x0000000080000000,0x00000000b6bea9f0,0x00000000b6c00000)
 Metaspace       used 57636K, committed 59072K, reserved 1114112K
  class space    used 6108K, committed 6784K, reserved 1048576K
}
Event: 151.166 GC heap after
{Heap after GC invocations=3327 (full 3):
 PSYoungGen      total 4608K, used 896K [0x00000000d5580000, 0x00000000d5b00000, 0x0000000100000000)
  eden space 3584K, 0% used [0x00000000d5580000,0x00000000d5580000,0x00000000d5900000)
  from space 1024K, 87% used [0x00000000d5a00000,0x00000000d5ae0000,0x00000000d5b00000)
  to   space 1024K, 0% used [0x00000000d5900000,0x00000000d5900000,0x00000000d5a00000)
 ParOldGen       total 897024K, used 896946K [0x0000000080000000, 0x00000000b6c00000, 0x00000000d5580000)
  object space 897024K, 99% used [0x0000000080000000,0x00000000b6bec9f0,0x00000000b6c00000)
 Metaspace       used 57636K, committed 59072K, reserved 1114112K
  class space    used 6108K, committed 6784K, reserved 1048576K
}
Event: 151.230 GC heap before
{Heap before GC invocations=3328 (full 3):
 PSYoungGen      total 4608K, used 4479K [0x00000000d5580000, 0x00000000d5b00000, 0x0000000100000000)
  eden space 3584K, 99% used [0x00000000d5580000,0x00000000d58ffff0,0x00000000d5900000)
  from space 1024K, 87% used [0x00000000d5a00000,0x00000000d5ae0000,0x00000000d5b00000)
  to   space 1024K, 0% used [0x00000000d5900000,0x00000000d5900000,0x00000000d5a00000)
 ParOldGen       total 897024K, used 896946K [0x0000000080000000, 0x00000000b6c00000, 0x00000000d5580000)
  object space 897024K, 99% used [0x0000000080000000,0x00000000b6bec9f0,0x00000000b6c00000)
 Metaspace       used 57642K, committed 59072K, reserved 1114112K
  class space    used 6108K, committed 6784K, reserved 1048576K
}
Event: 151.233 GC heap after
{Heap after GC invocations=3328 (full 3):
 PSYoungGen      total 4608K, used 320K [0x00000000d5580000, 0x00000000d5b00000, 0x0000000100000000)
  eden space 3584K, 0% used [0x00000000d5580000,0x00000000d5580000,0x00000000d5900000)
  from space 1024K, 31% used [0x00000000d5900000,0x00000000d5950000,0x00000000d5a00000)
  to   space 1024K, 0% used [0x00000000d5a00000,0x00000000d5a00000,0x00000000d5b00000)
 ParOldGen       total 898048K, used 897674K [0x0000000080000000, 0x00000000b6d00000, 0x00000000d5580000)
  object space 898048K, 99% used [0x0000000080000000,0x00000000b6ca29f0,0x00000000b6d00000)
 Metaspace       used 57642K, committed 59072K, reserved 1114112K
  class space    used 6108K, committed 6784K, reserved 1048576K
}
Event: 151.266 GC heap before
{Heap before GC invocations=3329 (full 3):
 PSYoungGen      total 4608K, used 3904K [0x00000000d5580000, 0x00000000d5b00000, 0x0000000100000000)
  eden space 3584K, 100% used [0x00000000d5580000,0x00000000d5900000,0x00000000d5900000)
  from space 1024K, 31% used [0x00000000d5900000,0x00000000d5950000,0x00000000d5a00000)
  to   space 1024K, 0% used [0x00000000d5a00000,0x00000000d5a00000,0x00000000d5b00000)
 ParOldGen       total 898048K, used 897674K [0x0000000080000000, 0x00000000b6d00000, 0x00000000d5580000)
  object space 898048K, 99% used [0x0000000080000000,0x00000000b6ca29f0,0x00000000b6d00000)
 Metaspace       used 57646K, committed 59072K, reserved 1114112K
  class space    used 6108K, committed 6784K, reserved 1048576K
}
Event: 151.268 GC heap after
{Heap after GC invocations=3329 (full 3):
 PSYoungGen      total 4608K, used 640K [0x00000000d5580000, 0x00000000d5b00000, 0x0000000100000000)
  eden space 3584K, 0% used [0x00000000d5580000,0x00000000d5580000,0x00000000d5900000)
  from space 1024K, 62% used [0x00000000d5a00000,0x00000000d5aa0000,0x00000000d5b00000)
  to   space 1024K, 0% used [0x00000000d5900000,0x00000000d5900000,0x00000000d5a00000)
 ParOldGen       total 898048K, used 897834K [0x0000000080000000, 0x00000000b6d00000, 0x00000000d5580000)
  object space 898048K, 99% used [0x0000000080000000,0x00000000b6cca9f0,0x00000000b6d00000)
 Metaspace       used 57646K, committed 59072K, reserved 1114112K
  class space    used 6108K, committed 6784K, reserved 1048576K
}
Event: 151.287 GC heap before
{Heap before GC invocations=3330 (full 3):
 PSYoungGen      total 4608K, used 4224K [0x00000000d5580000, 0x00000000d5b00000, 0x0000000100000000)
  eden space 3584K, 100% used [0x00000000d5580000,0x00000000d5900000,0x00000000d5900000)
  from space 1024K, 62% used [0x00000000d5a00000,0x00000000d5aa0000,0x00000000d5b00000)
  to   space 1024K, 0% used [0x00000000d5900000,0x00000000d5900000,0x00000000d5a00000)
 ParOldGen       total 898048K, used 897834K [0x0000000080000000, 0x00000000b6d00000, 0x00000000d5580000)
  object space 898048K, 99% used [0x0000000080000000,0x00000000b6cca9f0,0x00000000b6d00000)
 Metaspace       used 57648K, committed 59072K, reserved 1114112K
  class space    used 6108K, committed 6784K, reserved 1048576K
}
Event: 151.290 GC heap after
{Heap after GC invocations=3330 (full 3):
 PSYoungGen      total 4608K, used 288K [0x00000000d5580000, 0x00000000d5a80000, 0x0000000100000000)
  eden space 3584K, 0% used [0x00000000d5580000,0x00000000d5580000,0x00000000d5900000)
  from space 1024K, 28% used [0x00000000d5900000,0x00000000d5948000,0x00000000d5a00000)
  to   space 512K, 0% used [0x00000000d5a00000,0x00000000d5a00000,0x00000000d5a80000)
 ParOldGen       total 898560K, used 898106K [0x0000000080000000, 0x00000000b6d80000, 0x00000000d5580000)
  object space 898560K, 99% used [0x0000000080000000,0x00000000b6d0e9f0,0x00000000b6d80000)
 Metaspace       used 57648K, committed 59072K, reserved 1114112K
  class space    used 6108K, committed 6784K, reserved 1048576K
}
Event: 151.302 GC heap before
{Heap before GC invocations=3331 (full 3):
 PSYoungGen      total 4608K, used 3871K [0x00000000d5580000, 0x00000000d5a80000, 0x0000000100000000)
  eden space 3584K, 99% used [0x00000000d5580000,0x00000000d58ffc98,0x00000000d5900000)
  from space 1024K, 28% used [0x00000000d5900000,0x00000000d5948000,0x00000000d5a00000)
  to   space 512K, 0% used [0x00000000d5a00000,0x00000000d5a00000,0x00000000d5a80000)
 ParOldGen       total 898560K, used 898106K [0x0000000080000000, 0x00000000b6d80000, 0x00000000d5580000)
  object space 898560K, 99% used [0x0000000080000000,0x00000000b6d0e9f0,0x00000000b6d80000)
 Metaspace       used 57658K, committed 59072K, reserved 1114112K
  class space    used 6109K, committed 6784K, reserved 1048576K
}
Event: 151.305 GC heap after
{Heap after GC invocations=3331 (full 3):
 PSYoungGen      total 4096K, used 496K [0x00000000d5580000, 0x00000000d5b00000, 0x0000000100000000)
  eden space 3584K, 0% used [0x00000000d5580000,0x00000000d5580000,0x00000000d5900000)
  from space 512K, 96% used [0x00000000d5a00000,0x00000000d5a7c010,0x00000000d5a80000)
  to   space 1024K, 0% used [0x00000000d5900000,0x00000000d5900000,0x00000000d5a00000)
 ParOldGen       total 898560K, used 898298K [0x0000000080000000, 0x00000000b6d80000, 0x00000000d5580000)
  object space 898560K, 99% used [0x0000000080000000,0x00000000b6d3e9f0,0x00000000b6d80000)
 Metaspace       used 57658K, committed 59072K, reserved 1114112K
  class space    used 6109K, committed 6784K, reserved 1048576K
}
Event: 151.370 GC heap before
{Heap before GC invocations=3332 (full 3):
 PSYoungGen      total 4096K, used 4075K [0x00000000d5580000, 0x00000000d5b00000, 0x0000000100000000)
  eden space 3584K, 99% used [0x00000000d5580000,0x00000000d58fef58,0x00000000d5900000)
  from space 512K, 96% used [0x00000000d5a00000,0x00000000d5a7c010,0x00000000d5a80000)
  to   space 1024K, 0% used [0x00000000d5900000,0x00000000d5900000,0x00000000d5a00000)
 ParOldGen       total 898560K, used 898298K [0x0000000080000000, 0x00000000b6d80000, 0x00000000d5580000)
  object space 898560K, 99% used [0x0000000080000000,0x00000000b6d3e9f0,0x00000000b6d80000)
 Metaspace       used 57658K, committed 59072K, reserved 1114112K
  class space    used 6109K, committed 6784K, reserved 1048576K
}
Event: 151.373 GC heap after
{Heap after GC invocations=3332 (full 3):
 PSYoungGen      total 4608K, used 320K [0x00000000d5580000, 0x00000000d5a80000, 0x0000000100000000)
  eden space 3584K, 0% used [0x00000000d5580000,0x00000000d5580000,0x00000000d5900000)
  from space 1024K, 31% used [0x00000000d5900000,0x00000000d5950000,0x00000000d5a00000)
  to   space 512K, 0% used [0x00000000d5a00000,0x00000000d5a00000,0x00000000d5a80000)
 ParOldGen       total 899072K, used 898594K [0x0000000080000000, 0x00000000b6e00000, 0x00000000d5580000)
  object space 899072K, 99% used [0x0000000080000000,0x00000000b6d889f0,0x00000000b6e00000)
 Metaspace       used 57658K, committed 59072K, reserved 1114112K
  class space    used 6109K, committed 6784K, reserved 1048576K
}
Event: 151.442 GC heap before
{Heap before GC invocations=3333 (full 3):
 PSYoungGen      total 4608K, used 3904K [0x00000000d5580000, 0x00000000d5a80000, 0x0000000100000000)
  eden space 3584K, 100% used [0x00000000d5580000,0x00000000d5900000,0x00000000d5900000)
  from space 1024K, 31% used [0x00000000d5900000,0x00000000d5950000,0x00000000d5a00000)
  to   space 512K, 0% used [0x00000000d5a00000,0x00000000d5a00000,0x00000000d5a80000)
 ParOldGen       total 899072K, used 898594K [0x0000000080000000, 0x00000000b6e00000, 0x00000000d5580000)
  object space 899072K, 99% used [0x0000000080000000,0x00000000b6d889f0,0x00000000b6e00000)
 Metaspace       used 57677K, committed 59072K, reserved 1114112K
  class space    used 6109K, committed 6784K, reserved 1048576K
}
Event: 151.444 GC heap after
{Heap after GC invocations=3333 (full 3):
 PSYoungGen      total 4096K, used 512K [0x00000000d5580000, 0x00000000d5b00000, 0x0000000100000000)
  eden space 3584K, 0% used [0x00000000d5580000,0x00000000d5580000,0x00000000d5900000)
  from space 512K, 100% used [0x00000000d5a00000,0x00000000d5a80000,0x00000000d5a80000)
  to   space 1024K, 0% used [0x00000000d5900000,0x00000000d5900000,0x00000000d5a00000)
 ParOldGen       total 899072K, used 898706K [0x0000000080000000, 0x00000000b6e00000, 0x00000000d5580000)
  object space 899072K, 99% used [0x0000000080000000,0x00000000b6da49f0,0x00000000b6e00000)
 Metaspace       used 57677K, committed 59072K, reserved 1114112K
  class space    used 6109K, committed 6784K, reserved 1048576K
}

Dll operation events (10 events):
Event: 0.023 Loaded shared library c:\Users\loula\.vscode\extensions\redhat.java-1.50.0-win32-x64\jre\21.0.9-win32-x86_64\bin\java.dll
Event: 0.157 Loaded shared library c:\Users\loula\.vscode\extensions\redhat.java-1.50.0-win32-x64\jre\21.0.9-win32-x86_64\bin\zip.dll
Event: 0.209 Loaded shared library C:\Users\loula\.vscode\extensions\redhat.java-1.50.0-win32-x64\jre\21.0.9-win32-x86_64\bin\instrument.dll
Event: 0.221 Loaded shared library C:\Users\loula\.vscode\extensions\redhat.java-1.50.0-win32-x64\jre\21.0.9-win32-x86_64\bin\net.dll
Event: 0.274 Loaded shared library C:\Users\loula\.vscode\extensions\redhat.java-1.50.0-win32-x64\jre\21.0.9-win32-x86_64\bin\nio.dll
Event: 0.288 Loaded shared library C:\Users\loula\.vscode\extensions\redhat.java-1.50.0-win32-x64\jre\21.0.9-win32-x86_64\bin\zip.dll
Event: 0.343 Loaded shared library C:\Users\loula\.vscode\extensions\redhat.java-1.50.0-win32-x64\jre\21.0.9-win32-x86_64\bin\jimage.dll
Event: 0.640 Loaded shared library c:\Users\loula\.vscode\extensions\redhat.java-1.50.0-win32-x64\jre\21.0.9-win32-x86_64\bin\verify.dll
Event: 3.007 Loaded shared library C:\Users\loula\AppData\Roaming\Code\User\globalStorage\redhat.java\1.50.0\config_win\org.eclipse.equinox.launcher\org.eclipse.equinox.launcher.win32.win32.x86_64_1.2.1400.v20250801-0854\eclipse_11916.dll
Event: 5.939 Loaded shared library C:\Users\loula\AppData\Local\Temp\jna-103162951\jna2774431466841236065.dll

Deoptimization events (20 events):
Event: 150.036 Thread 0x00000167628286e0 DEOPT PACKING pc=0x000001670c6e4038 sp=0x0000004096dfe670
Event: 150.036 Thread 0x00000167628286e0 DEOPT UNPACKING pc=0x000001670bad6da2 sp=0x0000004096dfe5e0 mode 2
Event: 151.168 Thread 0x000001676282a7b0 Uncommon trap: trap_request=0xffffffbe fr.pc=0x000001670ca5b6c8 relative=0x0000000000002c68
Event: 151.168 Thread 0x000001676282a7b0 Uncommon trap: reason=profile_predicate action=maybe_recompile pc=0x000001670ca5b6c8 method=java.util.concurrent.ConcurrentHashMap$Traverser.advance()Ljava/util/concurrent/ConcurrentHashMap$Node; @ 15 c2
Event: 151.168 Thread 0x000001676282a7b0 DEOPT PACKING pc=0x000001670ca5b6c8 sp=0x0000004096efe260
Event: 151.168 Thread 0x000001676282a7b0 DEOPT UNPACKING pc=0x000001670bad6da2 sp=0x0000004096efdf00 mode 2
Event: 151.213 Thread 0x000001676282a7b0 Uncommon trap: trap_request=0xffffffbe fr.pc=0x000001670ca5b6c8 relative=0x0000000000002c68
Event: 151.213 Thread 0x000001676282a7b0 Uncommon trap: reason=profile_predicate action=maybe_recompile pc=0x000001670ca5b6c8 method=java.util.concurrent.ConcurrentHashMap$Traverser.advance()Ljava/util/concurrent/ConcurrentHashMap$Node; @ 15 c2
Event: 151.213 Thread 0x000001676282a7b0 DEOPT PACKING pc=0x000001670ca5b6c8 sp=0x0000004096efe260
Event: 151.213 Thread 0x000001676282a7b0 DEOPT UNPACKING pc=0x000001670bad6da2 sp=0x0000004096efdf00 mode 2
Event: 151.290 Thread 0x000001676282a7b0 Uncommon trap: trap_request=0xffffff45 fr.pc=0x000001670c6e78d4 relative=0x0000000000000654
Event: 151.290 Thread 0x000001676282a7b0 Uncommon trap: reason=unstable_if action=reinterpret pc=0x000001670c6e78d4 method=java.util.concurrent.ConcurrentHashMap.replaceNode(Ljava/lang/Object;Ljava/lang/Object;Ljava/lang/Object;)Ljava/lang/Object; @ 99 c2
Event: 151.290 Thread 0x000001676282a7b0 DEOPT PACKING pc=0x000001670c6e78d4 sp=0x0000004096efdd30
Event: 151.290 Thread 0x000001676282a7b0 DEOPT UNPACKING pc=0x000001670bad6da2 sp=0x0000004096efdca8 mode 2
Event: 151.306 Thread 0x00000167628286e0 DEOPT PACKING pc=0x00000167059eb894 sp=0x0000004096dfdf50
Event: 151.306 Thread 0x00000167628286e0 DEOPT UNPACKING pc=0x000001670bad78e2 sp=0x0000004096dfd3b0 mode 0
Event: 151.351 Thread 0x000001676c0451a0 Uncommon trap: trap_request=0xffffff45 fr.pc=0x000001670c6e1354 relative=0x0000000000002a54
Event: 151.351 Thread 0x000001676c0451a0 Uncommon trap: reason=unstable_if action=reinterpret pc=0x000001670c6e1354 method=org.codehaus.plexus.util.xml.pull.MXParser.parseAttribute()C @ 915 c2
Event: 151.351 Thread 0x000001676c0451a0 DEOPT PACKING pc=0x000001670c6e1354 sp=0x0000004096bfddd0
Event: 151.351 Thread 0x000001676c0451a0 DEOPT UNPACKING pc=0x000001670bad6da2 sp=0x0000004096bfdd58 mode 2

Classes loaded (20 events):
Event: 33.943 Loading class sun/util/cldr/CLDRBaseLocaleDataMetaInfo$TZCanonicalIDMapHolder
Event: 34.033 Loading class sun/util/cldr/CLDRBaseLocaleDataMetaInfo$TZCanonicalIDMapHolder done
Event: 34.035 Loading class sun/util/cldr/CLDRTimeZoneNameProviderImpl$AVAILABLE_IDS
Event: 34.035 Loading class sun/util/cldr/CLDRTimeZoneNameProviderImpl$AVAILABLE_IDS done
Event: 34.036 Loading class sun/util/resources/TimeZoneNames
Event: 34.137 Loading class sun/util/resources/TimeZoneNames done
Event: 34.137 Loading class sun/util/resources/TimeZoneNames_en
Event: 34.138 Loading class sun/util/resources/TimeZoneNames_en done
Event: 139.846 Loading class java/util/Vector$1
Event: 139.848 Loading class java/util/Vector$1 done
Event: 142.865 Loading class java/util/concurrent/CompletableFuture$UniApply
Event: 142.866 Loading class java/util/concurrent/CompletableFuture$UniCompletion
Event: 142.866 Loading class java/util/concurrent/CompletableFuture$UniCompletion done
Event: 142.866 Loading class java/util/concurrent/CompletableFuture$UniApply done
Event: 142.868 Loading class java/util/concurrent/CompletableFuture$UniAccept
Event: 142.869 Loading class java/util/concurrent/CompletableFuture$UniAccept done
Event: 142.869 Loading class java/util/concurrent/CompletableFuture$UniExceptionally
Event: 142.869 Loading class java/util/concurrent/ForkJoinTask$AdaptedCallable
Event: 142.873 Loading class java/util/concurrent/ForkJoinTask$AdaptedCallable done
Event: 142.874 Loading class java/util/concurrent/CompletableFuture$UniExceptionally done

Classes unloaded (9 events):
Event: 7.489 Thread 0x0000016717711de0 Unloading class 0x00000167191a4c00 'java/lang/invoke/LambdaForm$MH+0x00000167191a4c00'
Event: 7.489 Thread 0x0000016717711de0 Unloading class 0x00000167191a4800 'java/lang/invoke/LambdaForm$MH+0x00000167191a4800'
Event: 7.489 Thread 0x0000016717711de0 Unloading class 0x00000167191a4400 'java/lang/invoke/LambdaForm$MH+0x00000167191a4400'
Event: 7.490 Thread 0x0000016717711de0 Unloading class 0x00000167191a4000 'java/lang/invoke/LambdaForm$MH+0x00000167191a4000'
Event: 7.490 Thread 0x0000016717711de0 Unloading class 0x00000167191a3c00 'java/lang/invoke/LambdaForm$BMH+0x00000167191a3c00'
Event: 7.490 Thread 0x0000016717711de0 Unloading class 0x00000167191a3800 'java/lang/invoke/LambdaForm$DMH+0x00000167191a3800'
Event: 7.490 Thread 0x0000016717711de0 Unloading class 0x00000167191a2400 'java/lang/invoke/LambdaForm$DMH+0x00000167191a2400'
Event: 46.373 Thread 0x0000016717711de0 Unloading class 0x0000016719651400 'java/lang/invoke/LambdaForm$DMH+0x0000016719651400'
Event: 46.373 Thread 0x0000016717711de0 Unloading class 0x0000016719651000 'java/lang/invoke/LambdaForm$DMH+0x0000016719651000'

Classes redefined (0 events):
No events

Internal exceptions (20 events):
Event: 140.415 Thread 0x000001675f52b120 Exception <a 'sun/nio/fs/WindowsException'{0x00000000d566aa98}> (0x00000000d566aa98) 
thrown [s\src\hotspot\share\prims\jni.cpp, line 520]
Event: 140.483 Thread 0x000001675f52b120 Exception <a 'sun/nio/fs/WindowsException'{0x00000000d56ca1b8}> (0x00000000d56ca1b8) 
thrown [s\src\hotspot\share\prims\jni.cpp, line 520]
Event: 142.867 Thread 0x000001675f52aa90 Exception <a 'java/io/FileNotFoundException'{0x00000000d5a54bf8}> (0x00000000d5a54bf8) 
thrown [s\src\hotspot\share\prims\jni.cpp, line 520]
Event: 142.867 Thread 0x000001675f52aa90 Exception <a 'java/io/FileNotFoundException'{0x00000000d5a5d578}> (0x00000000d5a5d578) 
thrown [s\src\hotspot\share\prims\jni.cpp, line 520]
Event: 143.016 Thread 0x000001676c040970 Exception <a 'sun/nio/fs/WindowsException'{0x00000000d5601e10}> (0x00000000d5601e10) 
thrown [s\src\hotspot\share\prims\jni.cpp, line 520]
Event: 143.018 Thread 0x000001676c040970 Exception <a 'sun/nio/fs/WindowsException'{0x00000000d5711ad0}> (0x00000000d5711ad0) 
thrown [s\src\hotspot\share\prims\jni.cpp, line 520]
Event: 143.019 Thread 0x000001676c040970 Exception <a 'sun/nio/fs/WindowsException'{0x00000000d571af88}> (0x00000000d571af88) 
thrown [s\src\hotspot\share\prims\jni.cpp, line 520]
Event: 143.020 Thread 0x000001676c040970 Exception <a 'sun/nio/fs/WindowsException'{0x00000000d575cc20}> (0x00000000d575cc20) 
thrown [s\src\hotspot\share\prims\jni.cpp, line 520]
Event: 143.025 Thread 0x000001676c040970 Exception <a 'sun/nio/fs/WindowsException'{0x00000000d55c5928}> (0x00000000d55c5928) 
thrown [s\src\hotspot\share\prims\jni.cpp, line 520]
Event: 143.025 Thread 0x000001676c040970 Exception <a 'sun/nio/fs/WindowsException'{0x00000000d55c60d8}> (0x00000000d55c60d8) 
thrown [s\src\hotspot\share\prims\jni.cpp, line 520]
Event: 143.042 Thread 0x000001676c040970 Exception <a 'sun/nio/fs/WindowsException'{0x00000000d56d2650}> (0x00000000d56d2650) 
thrown [s\src\hotspot\share\prims\jni.cpp, line 520]
Event: 143.042 Thread 0x000001676c040970 Exception <a 'sun/nio/fs/WindowsException'{0x00000000d56dcbe8}> (0x00000000d56dcbe8) 
thrown [s\src\hotspot\share\prims\jni.cpp, line 520]
Event: 144.199 Thread 0x000001676c040970 Exception <a 'sun/nio/fs/WindowsException'{0x00000000d5997bf8}> (0x00000000d5997bf8) 
thrown [s\src\hotspot\share\prims\jni.cpp, line 520]
Event: 144.200 Thread 0x000001676c040970 Exception <a 'sun/nio/fs/WindowsException'{0x00000000d5998400}> (0x00000000d5998400) 
thrown [s\src\hotspot\share\prims\jni.cpp, line 520]
Event: 144.200 Thread 0x000001676c040970 Exception <a 'sun/nio/fs/WindowsException'{0x00000000d5999060}> (0x00000000d5999060) 
thrown [s\src\hotspot\share\prims\jni.cpp, line 520]
Event: 144.200 Thread 0x000001676c040970 Exception <a 'sun/nio/fs/WindowsException'{0x00000000d5999868}> (0x00000000d5999868) 
thrown [s\src\hotspot\share\prims\jni.cpp, line 520]
Event: 144.211 Thread 0x000001676c040970 Exception <a 'sun/nio/fs/WindowsException'{0x00000000d55e0af8}> (0x00000000d55e0af8) 
thrown [s\src\hotspot\share\prims\jni.cpp, line 520]
Event: 144.211 Thread 0x000001676c040970 Exception <a 'sun/nio/fs/WindowsException'{0x00000000d55e1300}> (0x00000000d55e1300) 
thrown [s\src\hotspot\share\prims\jni.cpp, line 520]
Event: 151.168 Thread 0x000001676282a7b0 Implicit null exception at 0x000001670ca594f7 to 0x000001670ca5b6a4
Event: 151.213 Thread 0x000001676282a7b0 Implicit null exception at 0x000001670ca594f7 to 0x000001670ca5b6a4

ZGC Phase Switch (0 events):
No events

VM Operations (20 events):
Event: 150.546 Executing VM operation: ParallelGCFailedAllocation (Allocation Failure)
Event: 150.548 Executing VM operation: ParallelGCFailedAllocation (Allocation Failure) done
Event: 151.096 Executing VM operation: ParallelGCFailedAllocation (Allocation Failure)
Event: 151.099 Executing VM operation: ParallelGCFailedAllocation (Allocation Failure) done
Event: 151.142 Executing VM operation: ParallelGCFailedAllocation (Allocation Failure)
Event: 151.144 Executing VM operation: ParallelGCFailedAllocation (Allocation Failure) done
Event: 151.163 Executing VM operation: ParallelGCFailedAllocation (Allocation Failure)
Event: 151.166 Executing VM operation: ParallelGCFailedAllocation (Allocation Failure) done
Event: 151.230 Executing VM operation: ParallelGCFailedAllocation (Allocation Failure)
Event: 151.233 Executing VM operation: ParallelGCFailedAllocation (Allocation Failure) done
Event: 151.266 Executing VM operation: ParallelGCFailedAllocation (Allocation Failure)
Event: 151.269 Executing VM operation: ParallelGCFailedAllocation (Allocation Failure) done
Event: 151.287 Executing VM operation: ParallelGCFailedAllocation (Allocation Failure)
Event: 151.290 Executing VM operation: ParallelGCFailedAllocation (Allocation Failure) done
Event: 151.302 Executing VM operation: ParallelGCFailedAllocation (Allocation Failure)
Event: 151.305 Executing VM operation: ParallelGCFailedAllocation (Allocation Failure) done
Event: 151.354 Executing VM operation: ParallelGCFailedAllocation (Allocation Failure)
Event: 151.373 Executing VM operation: ParallelGCFailedAllocation (Allocation Failure) done
Event: 151.442 Executing VM operation: ParallelGCFailedAllocation (Allocation Failure)
Event: 151.444 Executing VM operation: ParallelGCFailedAllocation (Allocation Failure) done

Memory protections (0 events):
No events

Nmethod flushes (20 events):
Event: 46.440 Thread 0x0000016717711de0 flushing  nmethod 0x0000016704e73010
Event: 46.440 Thread 0x0000016717711de0 flushing  nmethod 0x0000016704e73490
Event: 46.440 Thread 0x0000016717711de0 flushing  nmethod 0x0000016704e73a90
Event: 46.440 Thread 0x0000016717711de0 flushing  nmethod 0x0000016704e73e90
Event: 46.440 Thread 0x0000016717711de0 flushing  nmethod 0x0000016704e74490
Event: 46.440 Thread 0x0000016717711de0 flushing  nmethod 0x0000016704e8c590
Event: 46.441 Thread 0x0000016717711de0 flushing  nmethod 0x0000016704ea2310
Event: 46.441 Thread 0x0000016717711de0 flushing osr nmethod 0x0000016704eab210
Event: 46.441 Thread 0x0000016717711de0 flushing  nmethod 0x0000016704ece510
Event: 46.441 Thread 0x0000016717711de0 flushing  nmethod 0x0000016704edc490
Event: 46.441 Thread 0x0000016717711de0 flushing  nmethod 0x0000016704edca10
Event: 46.441 Thread 0x0000016717711de0 flushing  nmethod 0x0000016704f02e10
Event: 46.441 Thread 0x0000016717711de0 flushing  nmethod 0x0000016704f04490
Event: 46.441 Thread 0x0000016717711de0 flushing  nmethod 0x0000016704f16090
Event: 46.441 Thread 0x0000016717711de0 flushing  nmethod 0x0000016704f16910
Event: 46.441 Thread 0x0000016717711de0 flushing  nmethod 0x0000016704f17010
Event: 46.441 Thread 0x0000016717711de0 flushing  nmethod 0x0000016704f18190
Event: 46.441 Thread 0x0000016717711de0 flushing  nmethod 0x0000016704f1dc10
Event: 46.441 Thread 0x0000016717711de0 flushing  nmethod 0x0000016704f22410
Event: 46.441 Thread 0x0000016717711de0 flushing  nmethod 0x0000016704f84210

Events (20 events):
Event: 142.875 Thread 0x000001675f52aa90 Thread added: 0x000001676c0423b0
Event: 142.876 Thread 0x000001676c042a40 Thread added: 0x000001676c043df0
Event: 142.876 Thread 0x000001676c043760 Thread added: 0x000001676c040970
Event: 142.877 Thread 0x000001676c040970 Thread added: 0x000001676c044480
Event: 143.051 Thread 0x000001675a1413a0 Thread added: 0x000001676085b800
Event: 143.423 Thread 0x000001676085b800 Thread exited: 0x000001676085b800
Event: 144.205 Thread 0x000001675a1413a0 Thread added: 0x0000016760862500
Event: 144.229 Thread 0x000001675a1413a0 Thread added: 0x000001676085f550
Event: 145.067 Thread 0x000001676085f550 Thread exited: 0x000001676085f550
Event: 145.297 Thread 0x0000016760862500 Thread exited: 0x0000016760862500
Event: 146.857 Thread 0x000001675a1413a0 Thread added: 0x0000016760861e30
Event: 146.966 Thread 0x000001675a1413a0 Thread added: 0x00000167608602f0
Event: 146.967 Thread 0x000001676c040970 Thread added: 0x000001676c0451a0
Event: 146.967 Thread 0x000001676c040970 Thread added: 0x000001676c045830
Event: 146.968 Thread 0x000001676c040970 Thread added: 0x00000167628286e0
Event: 146.968 Thread 0x000001676c040970 Thread added: 0x000001676282a7b0
Event: 146.968 Thread 0x000001676c040970 Thread added: 0x000001676282ae40
Event: 147.821 Thread 0x00000167608602f0 Thread exited: 0x00000167608602f0
Event: 147.822 Thread 0x0000016760861e30 Thread exited: 0x0000016760861e30
Event: 151.233 Thread 0x000001675a1413a0 Thread added: 0x00000167608609c0


Dynamic libraries:
0x00007ff6d5460000 - 0x00007ff6d546e000 	c:\Users\loula\.vscode\extensions\redhat.java-1.50.0-win32-x64\jre\21.0.9-win32-x86_64\bin\java.exe
0x00007ffd98660000 - 0x00007ffd988c7000 	C:\WINDOWS\SYSTEM32\ntdll.dll
0x00007ffd972a0000 - 0x00007ffd97369000 	C:\WINDOWS\System32\KERNEL32.DLL
0x00007ffd95a40000 - 0x00007ffd95e2f000 	C:\WINDOWS\System32\KERNELBASE.dll
0x00007ffd957b0000 - 0x00007ffd958fb000 	C:\WINDOWS\System32\ucrtbase.dll
0x00007ffd42960000 - 0x00007ffd4297e000 	c:\Users\loula\.vscode\extensions\redhat.java-1.50.0-win32-x64\jre\21.0.9-win32-x86_64\bin\VCRUNTIME140.dll
0x00007ffd42a70000 - 0x00007ffd42a88000 	c:\Users\loula\.vscode\extensions\redhat.java-1.50.0-win32-x64\jre\21.0.9-win32-x86_64\bin\jli.dll
0x00007ffd97f00000 - 0x00007ffd980c5000 	C:\WINDOWS\System32\USER32.dll
0x00007ffd961b0000 - 0x00007ffd961d7000 	C:\WINDOWS\System32\win32u.dll
0x00007ffd787a0000 - 0x00007ffd78a33000 	C:\WINDOWS\WinSxS\amd64_microsoft.windows.common-controls_6595b64144ccf1df_6.0.26100.7309_none_3e05feeae336a044\COMCTL32.dll
0x00007ffd97e50000 - 0x00007ffd97ef9000 	C:\WINDOWS\System32\msvcrt.dll
0x00007ffd97820000 - 0x00007ffd9784b000 	C:\WINDOWS\System32\GDI32.dll
0x00007ffd95fc0000 - 0x00007ffd960ec000 	C:\WINDOWS\System32\gdi32full.dll
0x00007ffd95990000 - 0x00007ffd95a33000 	C:\WINDOWS\System32\msvcp_win.dll
0x00007ffd985c0000 - 0x00007ffd985f1000 	C:\WINDOWS\System32\IMM32.DLL
0x00007ffd60f20000 - 0x00007ffd60f2c000 	c:\Users\loula\.vscode\extensions\redhat.java-1.50.0-win32-x64\jre\21.0.9-win32-x86_64\bin\vcruntime140_1.dll
0x00007ffd23fb0000 - 0x00007ffd2403d000 	c:\Users\loula\.vscode\extensions\redhat.java-1.50.0-win32-x64\jre\21.0.9-win32-x86_64\bin\msvcp140.dll
0x00007ffcee390000 - 0x00007ffcef130000 	c:\Users\loula\.vscode\extensions\redhat.java-1.50.0-win32-x64\jre\21.0.9-win32-x86_64\bin\server\jvm.dll
0x00007ffd97d00000 - 0x00007ffd97db4000 	C:\WINDOWS\System32\ADVAPI32.dll
0x00007ffd96ea0000 - 0x00007ffd96f46000 	C:\WINDOWS\System32\sechost.dll
0x00007ffd97be0000 - 0x00007ffd97cf8000 	C:\WINDOWS\System32\RPCRT4.dll
0x00007ffd97030000 - 0x00007ffd970a4000 	C:\WINDOWS\System32\WS2_32.dll
0x00007ffd95610000 - 0x00007ffd9566e000 	C:\WINDOWS\SYSTEM32\POWRPROF.dll
0x00007ffd79b80000 - 0x00007ffd79bb5000 	C:\WINDOWS\SYSTEM32\WINMM.dll
0x00007ffd849d0000 - 0x00007ffd849db000 	C:\WINDOWS\SYSTEM32\VERSION.dll
0x00007ffd955f0000 - 0x00007ffd95604000 	C:\WINDOWS\SYSTEM32\UMPDC.dll
0x00007ffd94560000 - 0x00007ffd9457b000 	C:\WINDOWS\SYSTEM32\kernel.appcore.dll
0x00007ffd60e50000 - 0x00007ffd60e5a000 	c:\Users\loula\.vscode\extensions\redhat.java-1.50.0-win32-x64\jre\21.0.9-win32-x86_64\bin\jimage.dll
0x00007ffd92d60000 - 0x00007ffd92fa2000 	C:\WINDOWS\SYSTEM32\DBGHELP.DLL
0x00007ffd98230000 - 0x00007ffd985b5000 	C:\WINDOWS\System32\combase.dll
0x00007ffd96f50000 - 0x00007ffd97026000 	C:\WINDOWS\System32\OLEAUT32.dll
0x00007ffd609e0000 - 0x00007ffd60a1c000 	C:\WINDOWS\SYSTEM32\dbgcore.DLL
0x00007ffd96350000 - 0x00007ffd963f5000 	C:\WINDOWS\System32\bcryptPrimitives.dll
0x00007ffd77e60000 - 0x00007ffd77e6f000 	c:\Users\loula\.vscode\extensions\redhat.java-1.50.0-win32-x64\jre\21.0.9-win32-x86_64\bin\instrument.dll
0x00007ffd6cd60000 - 0x00007ffd6cd80000 	c:\Users\loula\.vscode\extensions\redhat.java-1.50.0-win32-x64\jre\21.0.9-win32-x86_64\bin\java.dll
0x00007ffd964f0000 - 0x00007ffd96c43000 	C:\WINDOWS\System32\SHELL32.dll
0x00007ffd961e0000 - 0x00007ffd9634a000 	C:\WINDOWS\System32\wintypes.dll
0x00007ffd93380000 - 0x00007ffd93bde000 	C:\WINDOWS\SYSTEM32\windows.storage.dll
0x00007ffd96ce0000 - 0x00007ffd96dd5000 	C:\WINDOWS\System32\SHCORE.dll
0x00007ffd96480000 - 0x00007ffd964e6000 	C:\WINDOWS\System32\shlwapi.dll
0x00007ffd956d0000 - 0x00007ffd956f9000 	C:\WINDOWS\SYSTEM32\profapi.dll
0x00007ffd6cd40000 - 0x00007ffd6cd58000 	c:\Users\loula\.vscode\extensions\redhat.java-1.50.0-win32-x64\jre\21.0.9-win32-x86_64\bin\zip.dll
0x00007ffd76e70000 - 0x00007ffd76e80000 	C:\Users\loula\.vscode\extensions\redhat.java-1.50.0-win32-x64\jre\21.0.9-win32-x86_64\bin\net.dll
0x00007ffd893b0000 - 0x00007ffd894d8000 	C:\WINDOWS\SYSTEM32\WINHTTP.dll
0x00007ffd94ad0000 - 0x00007ffd94b3b000 	C:\WINDOWS\system32\mswsock.dll
0x00007ffd6cd20000 - 0x00007ffd6cd36000 	C:\Users\loula\.vscode\extensions\redhat.java-1.50.0-win32-x64\jre\21.0.9-win32-x86_64\bin\nio.dll
0x00007ffd6e880000 - 0x00007ffd6e890000 	c:\Users\loula\.vscode\extensions\redhat.java-1.50.0-win32-x64\jre\21.0.9-win32-x86_64\bin\verify.dll
0x00007ffd3d8c0000 - 0x00007ffd3d904000 	C:\Users\loula\AppData\Roaming\Code\User\globalStorage\redhat.java\1.50.0\config_win\org.eclipse.equinox.launcher\org.eclipse.equinox.launcher.win32.win32.x86_64_1.2.1400.v20250801-0854\eclipse_11916.dll
0x00007ffd978d0000 - 0x00007ffd97a67000 	C:\WINDOWS\System32\ole32.dll
0x00007ffd94d90000 - 0x00007ffd94dab000 	C:\WINDOWS\SYSTEM32\CRYPTSP.dll
0x00007ffd944c0000 - 0x00007ffd944fa000 	C:\WINDOWS\system32\rsaenh.dll
0x00007ffd94b80000 - 0x00007ffd94bab000 	C:\WINDOWS\SYSTEM32\USERENV.dll
0x00007ffd956a0000 - 0x00007ffd956ca000 	C:\WINDOWS\SYSTEM32\bcrypt.dll
0x00007ffd94db0000 - 0x00007ffd94dbc000 	C:\WINDOWS\SYSTEM32\CRYPTBASE.dll
0x00007ffd93f70000 - 0x00007ffd93fa4000 	C:\WINDOWS\SYSTEM32\IPHLPAPI.DLL
0x00007ffd98600000 - 0x00007ffd9860a000 	C:\WINDOWS\System32\NSI.dll
0x00007ffd32d30000 - 0x00007ffd32d79000 	C:\Users\loula\AppData\Local\Temp\jna-103162951\jna2774431466841236065.dll
0x00007ffd970b0000 - 0x00007ffd970b8000 	C:\WINDOWS\System32\PSAPI.DLL
0x00007ffd8f6d0000 - 0x00007ffd8f6ee000 	C:\WINDOWS\SYSTEM32\dhcpcsvc6.DLL
0x00007ffd8f690000 - 0x00007ffd8f6b3000 	C:\WINDOWS\SYSTEM32\dhcpcsvc.DLL

JVMTI agents:
c:\Users\loula\.vscode\extensions\redhat.java-1.50.0-win32-x64\lombok\lombok-1.18.39-4050.jar path:c:\Users\loula\.vscode\extensions\redhat.java-1.50.0-win32-x64\jre\21.0.9-win32-x86_64\bin\instrument.dll, loaded, initialized, instrumentlib options:none

dbghelp: loaded successfully - version: 4.0.5 - missing functions: none
symbol engine: initialized successfully - sym options: 0x614 - pdb path: .;c:\Users\loula\.vscode\extensions\redhat.java-1.50.0-win32-x64\jre\21.0.9-win32-x86_64\bin;C:\WINDOWS\SYSTEM32;C:\WINDOWS\WinSxS\amd64_microsoft.windows.common-controls_6595b64144ccf1df_6.0.26100.7309_none_3e05feeae336a044;c:\Users\loula\.vscode\extensions\redhat.java-1.50.0-win32-x64\jre\21.0.9-win32-x86_64\bin\server;C:\Users\loula\AppData\Roaming\Code\User\globalStorage\redhat.java\1.50.0\config_win\org.eclipse.equinox.launcher\org.eclipse.equinox.launcher.win32.win32.x86_64_1.2.1400.v20250801-0854;C:\Users\loula\AppData\Local\Temp\jna-103162951

VM Arguments:
jvm_args: --add-modules=ALL-SYSTEM --add-opens=java.base/java.util=ALL-UNNAMED --add-opens=java.base/java.lang=ALL-UNNAMED --add-opens=java.base/sun.nio.fs=ALL-UNNAMED -Declipse.application=org.eclipse.jdt.ls.core.id1 -Dosgi.bundles.defaultStartLevel=4 -Declipse.product=org.eclipse.jdt.ls.core.product -Djava.import.generatesMetadataFilesAtProjectRoot=false -DDetectVMInstallationsJob.disabled=true -Dfile.encoding=utf8 -XX:+UseParallelGC -XX:GCTimeRatio=4 -XX:AdaptiveSizePolicyWeight=90 -Dsun.zip.disableMemoryMapping=true -Xmx2G -Xms100m -Xlog:disable -javaagent:c:\Users\loula\.vscode\extensions\redhat.java-1.50.0-win32-x64\lombok\lombok-1.18.39-4050.jar -XX:+HeapDumpOnOutOfMemoryError -XX:HeapDumpPath=c:\Users\loula\AppData\Roaming\Code\User\workspaceStorage\44b5318e10031c4cb1fc957027d05316\redhat.java -Daether.dependencyCollector.impl=bf 
java_command: c:\Users\loula\.vscode\extensions\redhat.java-1.50.0-win32-x64\server\plugins\org.eclipse.equinox.launcher_1.7.100.v20251111-0406.jar -configuration c:\Users\loula\AppData\Roaming\Code\User\globalStorage\redhat.java\1.50.0\config_win -data c:\Users\loula\AppData\Roaming\Code\User\workspaceStorage\44b5318e10031c4cb1fc957027d05316\redhat.java\jdt_ws --pipe=\\.\pipe\lsp-a301a88ecdea1ea0a752611755394b39-sock
java_class_path (initial): c:\Users\loula\.vscode\extensions\redhat.java-1.50.0-win32-x64\server\plugins\org.eclipse.equinox.launcher_1.7.100.v20251111-0406.jar
Launcher Type: SUN_STANDARD

[Global flags]
    uintx AdaptiveSizePolicyWeight                 = 90                                        {product} {command line}
     intx CICompilerCount                          = 4                                         {product} {ergonomic}
    uintx GCTimeRatio                              = 4                                         {product} {command line}
     bool HeapDumpOnOutOfMemoryError               = true                                   {manageable} {command line}
    ccstr HeapDumpPath                             = c:\Users\loula\AppData\Roaming\Code\User\workspaceStorage\44b5318e10031c4cb1fc957027d05316\redhat.java         {manageable} {command line}
   size_t InitialHeapSize                          = 104857600                                 {product} {command line}
   size_t MaxHeapSize                              = 2147483648                                {product} {command line}
   size_t MaxNewSize                               = 715653120                                 {product} {ergonomic}
   size_t MinHeapDeltaBytes                        = 524288                                    {product} {ergonomic}
   size_t MinHeapSize                              = 104857600                                 {product} {command line}
   size_t NewSize                                  = 34603008                                  {product} {ergonomic}
    uintx NonNMethodCodeHeapSize                   = 5839372                                {pd product} {ergonomic}
    uintx NonProfiledCodeHeapSize                  = 122909434                              {pd product} {ergonomic}
   size_t OldSize                                  = 70254592                                  {product} {ergonomic}
    uintx ProfiledCodeHeapSize                     = 122909434                              {pd product} {ergonomic}
    uintx ReservedCodeCacheSize                    = 251658240                              {pd product} {ergonomic}
     bool SegmentedCodeCache                       = true                                      {product} {ergonomic}
   size_t SoftMaxHeapSize                          = 2147483648                             {manageable} {ergonomic}
     bool UseCompressedOops                        = true                           {product lp64_product} {ergonomic}
     bool UseLargePagesIndividualAllocation        = false                                  {pd product} {ergonomic}
     bool UseParallelGC                            = true                                      {product} {command line}

Logging:
Log output configuration:
 #0: stdout all=off uptime,level,tags foldmultilines=false
 #1: stderr all=off uptime,level,tags foldmultilines=false

Release file:
JAVA_VERSION="21.0.9" 
MODULES="java.base java.compiler java.datatransfer java.xml java.prefs java.desktop java.instrument java.logging java.management java.security.sasl java.naming java.rmi java.management.rmi java.net.http java.scripting java.security.jgss java.transaction.xa java.sql java.sql.rowset java.xml.crypto java.se java.smartcardio jdk.accessibility jdk.internal.jvmstat jdk.attach jdk.charsets jdk.internal.opt jdk.zipfs jdk.compiler jdk.crypto.ec jdk.crypto.cryptoki jdk.crypto.mscapi jdk.dynalink jdk.internal.ed jdk.editpad jdk.hotspot.agent jdk.httpserver jdk.internal.le jdk.internal.vm.ci jdk.internal.vm.compiler jdk.internal.vm.compiler.management jdk.jartool jdk.javadoc jdk.jcmd jdk.management jdk.management.agent jdk.jconsole jdk.jdeps jdk.jdwp.agent jdk.jdi jdk.jfr jdk.jshell jdk.jsobject jdk.jstatd jdk.localedata jdk.management.jfr jdk.naming.dns jdk.naming.rmi jdk.net jdk.nio.mapmode jdk.random jdk.sctp jdk.security.auth jdk.security.jgss jdk.unsupported jdk.unsupported.desktop jdk.xml.dom" 

Environment Variables:
JAVA_HOME=C:\Java\jdk-17.0.12
PATH=C:\Oracle19c\bin;C:\Python313\Scripts\;C:\Python313\;C:\app\loula\product\23ai\dbhomeFree\bin;C:\WINDOWS\system32;C:\WINDOWS;C:\WINDOWS\System32\Wbem;C:\WINDOWS\System32\WindowsPowerShell\v1.0\;C:\WINDOWS\System32\OpenSSH\;C:\Program Files\HP\HP One Agent;C:\Program Files (x86)\Microsoft SQL Server\160\Tools\Binn\;C:\Program Files\Microsoft SQL Server\160\Tools\Binn\;C:\Program Files\Microsoft SQL Server\Client SDK\ODBC\170\Tools\Binn\;C:\Program Files\Microsoft SQL Server\160\DTS\Binn\;C:\Program Files (x86)\Windows Kits\10\Windows Performance Toolkit\;C:\Program Files\dotnet\;C:\Program Files\Microsoft SQL Server\150\Tools\Binn\;C:\Program Files\nodejs\;C:\ProgramData\ch;C:\Program Files\Docker\Docker\resources\bin;C:\Program Files\MiKTeX\miktex\bin\x64\;C:\Mvnfolder\apache-maven-3.9.11\bin;C:\Java\jdk-17.0.12\bin;C:\Users\loula\.cargo\bin;C:\Users\loula\AppData\Local\Microsoft\WindowsApps;C:\msys64\ucrt64\bin;C:\Users\loula\AppData\Local\Programs\MiKTeX\miktex\bin\x64\;C:\Users\loula\.dotnet\tools;C:\Users\loula\AppData\Roaming\npm;C:\Users\loula\AppData\Local\Programs\cursor\resources\app\bin;C:\Users\loula\AppData\Local\Programs\Microsoft VS Code\bin;C:\src\flutter\flutter\bin;C:\Users\loula\.cargo\bin;C:\Users\loula\AppData\Local\Microsoft\WindowsApps;C:\msys64\ucrt64\bin;C:\Users\loula\AppData\Local\Programs\MiKTeX\miktex\bin\x64\;C:\Users\loula\.dotnet\tools;C:\Users\loula\AppData\Roaming\npm;C:\Users\loula\AppData\Local\Programs\cursor\resources\app\bin;C:\Users\loula\AppData\Local\Programs\Microsoft VS Code\bin
USERNAME=loula
OS=Windows_NT
PROCESSOR_IDENTIFIER=Intel64 Family 6 Model 140 Stepping 1, GenuineIntel
TMP=C:\Users\loula\AppData\Local\Temp
TEMP=C:\Users\loula\AppData\Local\Temp




Periodic native trim disabled

---------------  S Y S T E M  ---------------

OS:
 Windows 11 , 64 bit Build 26100 (10.0.26100.7309)
OS uptime: 0 days 23:58 hours
Hyper-V role detected

CPU: total 8 (initial active 8) (4 cores per cpu, 2 threads per core) family 6 model 140 stepping 1 microcode 0xa4, cx8, cmov, fxsr, ht, mmx, 3dnowpref, sse, sse2, sse3, ssse3, sse4.1, sse4.2, popcnt, lzcnt, tsc, tscinvbit, avx, avx2, aes, erms, clmul, bmi1, bmi2, adx, avx512f, avx512dq, avx512cd, avx512bw, avx512vl, sha, fma, vzeroupper, avx512_vpopcntdq, avx512_vpclmulqdq, avx512_vaes, avx512_vnni, clflush, clflushopt, clwb, avx512_vbmi2, avx512_vbmi, hv, rdtscp, rdpid, fsrm, gfni, avx512_bitalg, f16c, cet_ibt, cet_ss, avx512_ifma
Processor Information for the first 8 processors :
  Max Mhz: 2419, Current Mhz: 2419, Mhz Limit: 2419

Memory: 4k page, system-wide physical 7937M (844M free)
TotalPageFile size 16487M (AvailPageFile size 14M)
current process WorkingSet (physical memory assigned to process): 1069M, peak: 1083M
current process commit charge ("private bytes"): 1184M, peak: 1641M

vm_info: OpenJDK 64-Bit Server VM (21.0.9+10-LTS) for windows-amd64 JRE (21.0.9+10-LTS), built on 2025-10-21T00:00:00Z by "admin" with unknown MS VC++:1942

END.
